Archive member included to satisfy reference by file (symbol)

/opt/st/stm32cubeide_1.11.2/plugins/com.st.stm32cube.ide.mcu.externaltools.gnu-tools-for-stm32.10.3-2021.10.linux64_1.0.100.202210260954/tools/bin/../lib/gcc/arm-none-eabi/10.3.1/../../../../arm-none-eabi/lib/thumb/v7e-m+dp/hard/libc_nano.a(lib_a-errno.o)
                              ./Core/Src/syscalls.o (__errno)
/opt/st/stm32cubeide_1.11.2/plugins/com.st.stm32cube.ide.mcu.externaltools.gnu-tools-for-stm32.10.3-2021.10.linux64_1.0.100.202210260954/tools/bin/../lib/gcc/arm-none-eabi/10.3.1/../../../../arm-none-eabi/lib/thumb/v7e-m+dp/hard/libc_nano.a(lib_a-exit.o)
                              /opt/st/stm32cubeide_1.11.2/plugins/com.st.stm32cube.ide.mcu.externaltools.gnu-tools-for-stm32.10.3-2021.10.linux64_1.0.100.202210260954/tools/bin/../lib/gcc/arm-none-eabi/10.3.1/../../../../arm-none-eabi/lib/thumb/v7e-m+dp/hard/crt0.o (exit)
/opt/st/stm32cubeide_1.11.2/plugins/com.st.stm32cube.ide.mcu.externaltools.gnu-tools-for-stm32.10.3-2021.10.linux64_1.0.100.202210260954/tools/bin/../lib/gcc/arm-none-eabi/10.3.1/../../../../arm-none-eabi/lib/thumb/v7e-m+dp/hard/libc_nano.a(lib_a-impure.o)
                              /opt/st/stm32cubeide_1.11.2/plugins/com.st.stm32cube.ide.mcu.externaltools.gnu-tools-for-stm32.10.3-2021.10.linux64_1.0.100.202210260954/tools/bin/../lib/gcc/arm-none-eabi/10.3.1/../../../../arm-none-eabi/lib/thumb/v7e-m+dp/hard/libc_nano.a(lib_a-exit.o) (_global_impure_ptr)
/opt/st/stm32cubeide_1.11.2/plugins/com.st.stm32cube.ide.mcu.externaltools.gnu-tools-for-stm32.10.3-2021.10.linux64_1.0.100.202210260954/tools/bin/../lib/gcc/arm-none-eabi/10.3.1/../../../../arm-none-eabi/lib/thumb/v7e-m+dp/hard/libc_nano.a(lib_a-init.o)
                              /opt/st/stm32cubeide_1.11.2/plugins/com.st.stm32cube.ide.mcu.externaltools.gnu-tools-for-stm32.10.3-2021.10.linux64_1.0.100.202210260954/tools/bin/../lib/gcc/arm-none-eabi/10.3.1/../../../../arm-none-eabi/lib/thumb/v7e-m+dp/hard/crt0.o (__libc_init_array)
/opt/st/stm32cubeide_1.11.2/plugins/com.st.stm32cube.ide.mcu.externaltools.gnu-tools-for-stm32.10.3-2021.10.linux64_1.0.100.202210260954/tools/bin/../lib/gcc/arm-none-eabi/10.3.1/../../../../arm-none-eabi/lib/thumb/v7e-m+dp/hard/libc_nano.a(lib_a-memset.o)
                              /opt/st/stm32cubeide_1.11.2/plugins/com.st.stm32cube.ide.mcu.externaltools.gnu-tools-for-stm32.10.3-2021.10.linux64_1.0.100.202210260954/tools/bin/../lib/gcc/arm-none-eabi/10.3.1/../../../../arm-none-eabi/lib/thumb/v7e-m+dp/hard/crt0.o (memset)
/opt/st/stm32cubeide_1.11.2/plugins/com.st.stm32cube.ide.mcu.externaltools.gnu-tools-for-stm32.10.3-2021.10.linux64_1.0.100.202210260954/tools/bin/../lib/gcc/arm-none-eabi/10.3.1/../../../../arm-none-eabi/lib/thumb/v7e-m+dp/hard/libm.a(lib_a-s_floor.o)
                              ./Core/Src/main.o (floor)
/opt/st/stm32cubeide_1.11.2/plugins/com.st.stm32cube.ide.mcu.externaltools.gnu-tools-for-stm32.10.3-2021.10.linux64_1.0.100.202210260954/tools/bin/../lib/gcc/arm-none-eabi/10.3.1/thumb/v7e-m+dp/hard/libgcc.a(_aeabi_uldivmod.o)
                              ./Drivers/STM32H7xx_HAL_Driver/Src/stm32h7xx_hal_uart.o (__aeabi_uldivmod)
/opt/st/stm32cubeide_1.11.2/plugins/com.st.stm32cube.ide.mcu.externaltools.gnu-tools-for-stm32.10.3-2021.10.linux64_1.0.100.202210260954/tools/bin/../lib/gcc/arm-none-eabi/10.3.1/thumb/v7e-m+dp/hard/libgcc.a(_udivmoddi4.o)
                              /opt/st/stm32cubeide_1.11.2/plugins/com.st.stm32cube.ide.mcu.externaltools.gnu-tools-for-stm32.10.3-2021.10.linux64_1.0.100.202210260954/tools/bin/../lib/gcc/arm-none-eabi/10.3.1/thumb/v7e-m+dp/hard/libgcc.a(_aeabi_uldivmod.o) (__udivmoddi4)
/opt/st/stm32cubeide_1.11.2/plugins/com.st.stm32cube.ide.mcu.externaltools.gnu-tools-for-stm32.10.3-2021.10.linux64_1.0.100.202210260954/tools/bin/../lib/gcc/arm-none-eabi/10.3.1/thumb/v7e-m+dp/hard/libgcc.a(_dvmd_tls.o)
                              /opt/st/stm32cubeide_1.11.2/plugins/com.st.stm32cube.ide.mcu.externaltools.gnu-tools-for-stm32.10.3-2021.10.linux64_1.0.100.202210260954/tools/bin/../lib/gcc/arm-none-eabi/10.3.1/thumb/v7e-m+dp/hard/libgcc.a(_aeabi_uldivmod.o) (__aeabi_ldiv0)

Discarded input sections

 .text          0x0000000000000000        0x0 /opt/st/stm32cubeide_1.11.2/plugins/com.st.stm32cube.ide.mcu.externaltools.gnu-tools-for-stm32.10.3-2021.10.linux64_1.0.100.202210260954/tools/bin/../lib/gcc/arm-none-eabi/10.3.1/thumb/v7e-m+dp/hard/crti.o
 .data          0x0000000000000000        0x0 /opt/st/stm32cubeide_1.11.2/plugins/com.st.stm32cube.ide.mcu.externaltools.gnu-tools-for-stm32.10.3-2021.10.linux64_1.0.100.202210260954/tools/bin/../lib/gcc/arm-none-eabi/10.3.1/thumb/v7e-m+dp/hard/crti.o
 .bss           0x0000000000000000        0x0 /opt/st/stm32cubeide_1.11.2/plugins/com.st.stm32cube.ide.mcu.externaltools.gnu-tools-for-stm32.10.3-2021.10.linux64_1.0.100.202210260954/tools/bin/../lib/gcc/arm-none-eabi/10.3.1/thumb/v7e-m+dp/hard/crti.o
[...]
Memory Configuration

Name             Origin             Length             Attributes
ITCMRAM          0x0000000000000000 0x0000000000010000 xrw
DTCMRAM          0x0000000020000000 0x0000000000020000 xrw
FLASH            0x0000000008000000 0x0000000000100000 xr
RAM_D1           0x0000000024000000 0x0000000000050000 xrw
RAM_D2           0x0000000030000000 0x0000000000008000 xrw
RAM_D3           0x0000000038000000 0x0000000000004000 xrw
*default*        0x0000000000000000 0xffffffffffffffff

Linker script and memory map

LOAD /opt/st/stm32cubeide_1.11.2/plugins/com.st.stm32cube.ide.mcu.externaltools.gnu-tools-for-stm32.10.3-2021.10.linux64_1.0.100.202210260954/tools/bin/../lib/gcc/arm-none-eabi/10.3.1/thumb/v7e-m+dp/hard/crti.o
LOAD /opt/st/stm32cubeide_1.11.2/plugins/com.st.stm32cube.ide.mcu.externaltools.gnu-tools-for-stm32.10.3-2021.10.linux64_1.0.100.202210260954/tools/bin/../lib/gcc/arm-none-eabi/10.3.1/thumb/v7e-m+dp/hard/crtbegin.o
LOAD /opt/st/stm32cubeide_1.11.2/plugins/com.st.stm32cube.ide.mcu.externaltools.gnu-tools-for-stm32.10.3-2021.10.linux64_1.0.100.202210260954/tools/bin/../lib/gcc/arm-none-eabi/10.3.1/../../../../arm-none-eabi/lib/thumb/v7e-m+dp/hard/crt0.o
LOAD ./Core/Src/main.o
LOAD ./Core/Src/stm32h7xx_hal_msp.o
LOAD ./Core/Src/stm32h7xx_it.o
LOAD ./Core/Src/syscalls.o
LOAD ./Core/Src/sysmem.o
LOAD ./Core/Src/system_stm32h7xx.o
LOAD ./Core/Startup/startup_stm32h723zgtx.o
LOAD ./Drivers/STM32H7xx_HAL_Driver/Src/stm32h7xx_hal.o
LOAD ./Drivers/STM32H7xx_HAL_Driver/Src/stm32h7xx_hal_cortex.o
LOAD ./Drivers/STM32H7xx_HAL_Driver/Src/stm32h7xx_hal_dma.o
LOAD ./Drivers/STM32H7xx_HAL_Driver/Src/stm32h7xx_hal_dma_ex.o
LOAD ./Drivers/STM32H7xx_HAL_Driver/Src/stm32h7xx_hal_exti.o
LOAD ./Drivers/STM32H7xx_HAL_Driver/Src/stm32h7xx_hal_flash.o
LOAD ./Drivers/STM32H7xx_HAL_Driver/Src/stm32h7xx_hal_flash_ex.o
LOAD ./Drivers/STM32H7xx_HAL_Driver/Src/stm32h7xx_hal_gpio.o
LOAD ./Drivers/STM32H7xx_HAL_Driver/Src/stm32h7xx_hal_hsem.o
LOAD ./Drivers/STM32H7xx_HAL_Driver/Src/stm32h7xx_hal_i2c.o
LOAD ./Drivers/STM32H7xx_HAL_Driver/Src/stm32h7xx_hal_i2c_ex.o
LOAD ./Drivers/STM32H7xx_HAL_Driver/Src/stm32h7xx_hal_mdma.o
LOAD ./Drivers/STM32H7xx_HAL_Driver/Src/stm32h7xx_hal_pwr.o
LOAD ./Drivers/STM32H7xx_HAL_Driver/Src/stm32h7xx_hal_pwr_ex.o
LOAD ./Drivers/STM32H7xx_HAL_Driver/Src/stm32h7xx_hal_rcc.o
LOAD ./Drivers/STM32H7xx_HAL_Driver/Src/stm32h7xx_hal_rcc_ex.o
LOAD ./Drivers/STM32H7xx_HAL_Driver/Src/stm32h7xx_hal_tim.o
LOAD ./Drivers/STM32H7xx_HAL_Driver/Src/stm32h7xx_hal_tim_ex.o
LOAD ./Drivers/STM32H7xx_HAL_Driver/Src/stm32h7xx_hal_uart.o
LOAD ./Drivers/STM32H7xx_HAL_Driver/Src/stm32h7xx_hal_uart_ex.o
START GROUP
LOAD /opt/st/stm32cubeide_1.11.2/plugins/com.st.stm32cube.ide.mcu.externaltools.gnu-tools-for-stm32.10.3-2021.10.linux64_1.0.100.202210260954/tools/bin/../lib/gcc/arm-none-eabi/10.3.1/../../../../arm-none-eabi/lib/thumb/v7e-m+dp/hard/libc_nano.a
LOAD /opt/st/stm32cubeide_1.11.2/plugins/com.st.stm32cube.ide.mcu.externaltools.gnu-tools-for-stm32.10.3-2021.10.linux64_1.0.100.202210260954/tools/bin/../lib/gcc/arm-none-eabi/10.3.1/../../../../arm-none-eabi/lib/thumb/v7e-m+dp/hard/libm.a
END GROUP
START GROUP
LOAD /opt/st/stm32cubeide_1.11.2/plugins/com.st.stm32cube.ide.mcu.externaltools.gnu-tools-for-stm32.10.3-2021.10.linux64_1.0.100.202210260954/tools/bin/../lib/gcc/arm-none-eabi/10.3.1/thumb/v7e-m+dp/hard/libgcc.a
LOAD /opt/st/stm32cubeide_1.11.2/plugins/com.st.stm32cube.ide.mcu.externaltools.gnu-tools-for-stm32.10.3-2021.10.linux64_1.0.100.202210260954/tools/bin/../lib/gcc/arm-none-eabi/10.3.1/../../../../arm-none-eabi/lib/thumb/v7e-m+dp/hard/libc_nano.a
END GROUP
START GROUP
LOAD /opt/st/stm32cubeide_1.11.2/plugins/com.st.stm32cube.ide.mcu.externaltools.gnu-tools-for-stm32.10.3-2021.10.linux64_1.0.100.202210260954/tools/bin/../lib/gcc/arm-none-eabi/10.3.1/thumb/v7e-m+dp/hard/libgcc.a
LOAD /opt/st/stm32cubeide_1.11.2/plugins/com.st.stm32cube.ide.mcu.externaltools.gnu-tools-for-stm32.10.3-2021.10.linux64_1.0.100.202210260954/tools/bin/../lib/gcc/arm-none-eabi/10.3.1/../../../../arm-none-eabi/lib/thumb/v7e-m+dp/hard/libc_nano.a
LOAD /opt/st/stm32cubeide_1.11.2/plugins/com.st.stm32cube.ide.mcu.externaltools.gnu-tools-for-stm32.10.3-2021.10.linux64_1.0.100.202210260954/tools/bin/../lib/gcc/arm-none-eabi/10.3.1/../../../../arm-none-eabi/lib/thumb/v7e-m+dp/hard/libnosys.a
END GROUP
START GROUP
LOAD /opt/st/stm32cubeide_1.11.2/plugins/com.st.stm32cube.ide.mcu.externaltools.gnu-tools-for-stm32.10.3-2021.10.linux64_1.0.100.202210260954/tools/bin/../lib/gcc/arm-none-eabi/10.3.1/thumb/v7e-m+dp/hard/libgcc.a
LOAD /opt/st/stm32cubeide_1.11.2/plugins/com.st.stm32cube.ide.mcu.externaltools.gnu-tools-for-stm32.10.3-2021.10.linux64_1.0.100.202210260954/tools/bin/../lib/gcc/arm-none-eabi/10.3.1/../../../../arm-none-eabi/lib/thumb/v7e-m+dp/hard/libc_nano.a
LOAD /opt/st/stm32cubeide_1.11.2/plugins/com.st.stm32cube.ide.mcu.externaltools.gnu-tools-for-stm32.10.3-2021.10.linux64_1.0.100.202210260954/tools/bin/../lib/gcc/arm-none-eabi/10.3.1/../../../../arm-none-eabi/lib/thumb/v7e-m+dp/hard/libnosys.a
END GROUP
LOAD /opt/st/stm32cubeide_1.11.2/plugins/com.st.stm32cube.ide.mcu.externaltools.gnu-tools-for-stm32.10.3-2021.10.linux64_1.0.100.202210260954/tools/bin/../lib/gcc/arm-none-eabi/10.3.1/thumb/v7e-m+dp/hard/crtend.o
LOAD /opt/st/stm32cubeide_1.11.2/plugins/com.st.stm32cube.ide.mcu.externaltools.gnu-tools-for-stm32.10.3-2021.10.linux64_1.0.100.202210260954/tools/bin/../lib/gcc/arm-none-eabi/10.3.1/thumb/v7e-m+dp/hard/crtn.o
                0x0000000024050000                _estack = (ORIGIN (RAM_D1) + LENGTH (RAM_D1))
                0x0000000000000200                _Min_Heap_Size = 0x200
                0x0000000000000400                _Min_Stack_Size = 0x400

.isr_vector     0x0000000008000000      0x2cc
                0x0000000008000000                . = ALIGN (0x4)
 *(.isr_vector)
 .isr_vector    0x0000000008000000      0x2cc ./Core/Startup/startup_stm32h723zgtx.o
                0x0000000008000000                g_pfnVectors
                0x00000000080002cc                . = ALIGN (0x4)

.text           0x00000000080002d0     0xa470
                0x00000000080002d0                . = ALIGN (0x4)
 *(.text)
 .text          0x00000000080002d0       0x40 /opt/st/stm32cubeide_1.11.2/plugins/com.st.stm32cube.ide.mcu.externaltools.gnu-tools-for-stm32.10.3-2021.10.linux64_1.0.100.202210260954/tools/bin/../lib/gcc/arm-none-eabi/10.3.1/thumb/v7e-m+dp/hard/crtbegin.o
 .text          0x0000000008000310       0x30 /opt/st/stm32cubeide_1.11.2/plugins/com.st.stm32cube.ide.mcu.externaltools.gnu-tools-for-stm32.10.3-2021.10.linux64_1.0.100.202210260954/tools/bin/../lib/gcc/arm-none-eabi/10.3.1/thumb/v7e-m+dp/hard/libgcc.a(_aeabi_uldivmod.o)
                0x0000000008000310                __aeabi_uldivmod
 .text          0x0000000008000340      0x2d0 /opt/st/stm32cubeide_1.11.2/plugins/com.st.stm32cube.ide.mcu.externaltools.gnu-tools-for-stm32.10.3-2021.10.linux64_1.0.100.202210260954/tools/bin/../lib/gcc/arm-none-eabi/10.3.1/thumb/v7e-m+dp/hard/libgcc.a(_udivmoddi4.o)
                0x0000000008000340                __udivmoddi4
 .text          0x0000000008000610        0x4 /opt/st/stm32cubeide_1.11.2/plugins/com.st.stm32cube.ide.mcu.externaltools.gnu-tools-for-stm32.10.3-2021.10.linux64_1.0.100.202210260954/tools/bin/../lib/gcc/arm-none-eabi/10.3.1/thumb/v7e-m+dp/hard/libgcc.a(_dvmd_tls.o)
                0x0000000008000610                __aeabi_ldiv0
                0x0000000008000610                __aeabi_idiv0
 *(.text*)
 .text.CalCRC8  0x0000000008000614       0x50 ./Core/Src/main.o
                0x0000000008000614                CalCRC8
 .text.HAL_UART_RxCpltCallback
                0x0000000008000664       0x78 ./Core/Src/main.o
                0x0000000008000664                HAL_UART_RxCpltCallback
 .text.CreateBubble
                0x00000000080006dc       0xd6 ./Core/Src/main.o
                0x00000000080006dc                CreateBubble
 *fill*         0x00000000080007b2        0x2 
 .text.AssignValues
                0x00000000080007b4       0xb4 ./Core/Src/main.o
                0x00000000080007b4                AssignValues
 .text.SetArray
                0x0000000008000868       0x32 ./Core/Src/main.o
                0x0000000008000868                SetArray
 *fill*         0x000000000800089a        0x6 
 .text.FindBiggestGap
                0x00000000080008a0      0x150 ./Core/Src/main.o
                0x00000000080008a0                FindBiggestGap
 .text.FillArray
                0x00000000080009f0       0xb8 ./Core/Src/main.o
                0x00000000080009f0                FillArray
 .text.main     0x0000000008000aa8      0x140 ./Core/Src/main.o
                0x0000000008000aa8                main
 .text.SystemClock_Config
                0x0000000008000be8       0xe0 ./Core/Src/main.o
                0x0000000008000be8                SystemClock_Config
 .text.MX_TIM1_Init
                0x0000000008000cc8      0x138 ./Core/Src/main.o
 .text.MX_TIM2_Init
                0x0000000008000e00       0xb4 ./Core/Src/main.o
 .text.MX_USART2_UART_Init
                0x0000000008000eb4       0x98 ./Core/Src/main.o
 .text.MX_USART3_UART_Init
                0x0000000008000f4c       0x98 ./Core/Src/main.o
 .text.MX_USB_OTG_HS_USB_Init
                0x0000000008000fe4        0xe ./Core/Src/main.o
 *fill*         0x0000000008000ff2        0x2 
 .text.MX_DMA_Init
                0x0000000008000ff4       0x40 ./Core/Src/main.o
 .text.MX_GPIO_Init
                0x0000000008001034      0x27c ./Core/Src/main.o
 .text.Error_Handler
                0x00000000080012b0        0xa ./Core/Src/main.o
                0x00000000080012b0                Error_Handler
 *fill*         0x00000000080012ba        0x2 
 .text.HAL_MspInit
                0x00000000080012bc       0x34 ./Core/Src/stm32h7xx_hal_msp.o
                0x00000000080012bc                HAL_MspInit
 .text.HAL_TIM_PWM_MspInit
                0x00000000080012f0       0x70 ./Core/Src/stm32h7xx_hal_msp.o
                0x00000000080012f0                HAL_TIM_PWM_MspInit
 .text.HAL_TIM_MspPostInit
                0x0000000008001360       0xc4 ./Core/Src/stm32h7xx_hal_msp.o
                0x0000000008001360                HAL_TIM_MspPostInit
 .text.HAL_UART_MspInit
                0x0000000008001424      0x234 ./Core/Src/stm32h7xx_hal_msp.o
                0x0000000008001424                HAL_UART_MspInit
 .text.NMI_Handler
                0x0000000008001658        0x6 ./Core/Src/stm32h7xx_it.o
                0x0000000008001658                NMI_Handler
 .text.HardFault_Handler
                0x000000000800165e        0x6 ./Core/Src/stm32h7xx_it.o
                0x000000000800165e                HardFault_Handler
 .text.MemManage_Handler
                0x0000000008001664        0x6 ./Core/Src/stm32h7xx_it.o
                0x0000000008001664                MemManage_Handler
 .text.BusFault_Handler
                0x000000000800166a        0x6 ./Core/Src/stm32h7xx_it.o
                0x000000000800166a                BusFault_Handler
 .text.UsageFault_Handler
                0x0000000008001670        0x6 ./Core/Src/stm32h7xx_it.o
                0x0000000008001670                UsageFault_Handler
 .text.SVC_Handler
                0x0000000008001676        0xe ./Core/Src/stm32h7xx_it.o
                0x0000000008001676                SVC_Handler
 .text.DebugMon_Handler
                0x0000000008001684        0xe ./Core/Src/stm32h7xx_it.o
                0x0000000008001684                DebugMon_Handler
 .text.PendSV_Handler
                0x0000000008001692        0xe ./Core/Src/stm32h7xx_it.o
                0x0000000008001692                PendSV_Handler
 .text.SysTick_Handler
                0x00000000080016a0        0xc ./Core/Src/stm32h7xx_it.o
                0x00000000080016a0                SysTick_Handler
 .text.DMA1_Stream0_IRQHandler
                0x00000000080016ac       0x14 ./Core/Src/stm32h7xx_it.o
                0x00000000080016ac                DMA1_Stream0_IRQHandler
 .text.USART2_IRQHandler
                0x00000000080016c0       0x14 ./Core/Src/stm32h7xx_it.o
                0x00000000080016c0                USART2_IRQHandler
 .text.SystemInit
                0x00000000080016d4       0xf0 ./Core/Src/system_stm32h7xx.o
                0x00000000080016d4                SystemInit
 .text.Reset_Handler
                0x00000000080017c4       0x50 ./Core/Startup/startup_stm32h723zgtx.o
                0x00000000080017c4                Reset_Handler
 .text.Default_Handler
                0x0000000008001814        0x2 ./Core/Startup/startup_stm32h723zgtx.o
                0x0000000008001814                RTC_Alarm_IRQHandler
                0x0000000008001814                EXTI2_IRQHandler
                0x0000000008001814                TIM8_CC_IRQHandler
                0x0000000008001814                UART8_IRQHandler
                0x0000000008001814                SPI4_IRQHandler
                0x0000000008001814                FDCAN3_IT0_IRQHandler
                0x0000000008001814                TIM1_CC_IRQHandler
                0x0000000008001814                BDMA_Channel6_IRQHandler
                0x0000000008001814                DMA2_Stream5_IRQHandler
                0x0000000008001814                DMA1_Stream5_IRQHandler
                0x0000000008001814                CORDIC_IRQHandler
                0x0000000008001814                BDMA_Channel1_IRQHandler
                0x0000000008001814                TAMP_STAMP_IRQHandler
                0x0000000008001814                EXTI3_IRQHandler
                0x0000000008001814                LPTIM4_IRQHandler
                0x0000000008001814                TIM8_TRG_COM_TIM14_IRQHandler
                0x0000000008001814                LPTIM2_IRQHandler
                0x0000000008001814                DFSDM1_FLT1_IRQHandler
                0x0000000008001814                DMAMUX2_OVR_IRQHandler
                0x0000000008001814                TIM8_UP_TIM13_IRQHandler
                0x0000000008001814                I2C3_ER_IRQHandler
                0x0000000008001814                DFSDM1_FLT2_IRQHandler
                0x0000000008001814                I2C5_EV_IRQHandler
                0x0000000008001814                USART10_IRQHandler
                0x0000000008001814                MDMA_IRQHandler
                0x0000000008001814                LPTIM3_IRQHandler
                0x0000000008001814                HSEM1_IRQHandler
                0x0000000008001814                EXTI0_IRQHandler
                0x0000000008001814                I2C2_EV_IRQHandler
                0x0000000008001814                DMA1_Stream2_IRQHandler
                0x0000000008001814                FPU_IRQHandler
                0x0000000008001814                OTG_HS_WKUP_IRQHandler
                0x0000000008001814                FDCAN1_IT1_IRQHandler
                0x0000000008001814                LTDC_ER_IRQHandler
                0x0000000008001814                DMA2_Stream2_IRQHandler
                0x0000000008001814                SPI1_IRQHandler
                0x0000000008001814                OCTOSPI1_IRQHandler
                0x0000000008001814                TIM6_DAC_IRQHandler
                0x0000000008001814                DMA2_Stream3_IRQHandler
                0x0000000008001814                OCTOSPI2_IRQHandler
                0x0000000008001814                DFSDM1_FLT3_IRQHandler
                0x0000000008001814                TIM23_IRQHandler
                0x0000000008001814                USART6_IRQHandler
                0x0000000008001814                TIM17_IRQHandler
                0x0000000008001814                USART3_IRQHandler
                0x0000000008001814                BDMA_Channel7_IRQHandler
                0x0000000008001814                LPTIM5_IRQHandler
                0x0000000008001814                UART5_IRQHandler
                0x0000000008001814                ADC3_IRQHandler
                0x0000000008001814                DMA2_Stream0_IRQHandler
                0x0000000008001814                TIM4_IRQHandler
                0x0000000008001814                BDMA_Channel2_IRQHandler
                0x0000000008001814                I2C1_EV_IRQHandler
                0x0000000008001814                DMA1_Stream6_IRQHandler
                0x0000000008001814                DMAMUX1_OVR_IRQHandler
                0x0000000008001814                DMA1_Stream1_IRQHandler
                0x0000000008001814                TIM16_IRQHandler
                0x0000000008001814                UART4_IRQHandler
                0x0000000008001814                BDMA_Channel5_IRQHandler
                0x0000000008001814                TIM3_IRQHandler
                0x0000000008001814                RCC_IRQHandler
                0x0000000008001814                UART9_IRQHandler
                0x0000000008001814                TIM8_BRK_TIM12_IRQHandler
                0x0000000008001814                TIM1_TRG_COM_IRQHandler
                0x0000000008001814                Default_Handler
                0x0000000008001814                ECC_IRQHandler
                0x0000000008001814                FMAC_IRQHandler
                0x0000000008001814                CEC_IRQHandler
                0x0000000008001814                EXTI15_10_IRQHandler
                0x0000000008001814                BDMA_Channel0_IRQHandler
                0x0000000008001814                ADC_IRQHandler
                0x0000000008001814                I2C5_ER_IRQHandler
                0x0000000008001814                DMA1_Stream7_IRQHandler
                0x0000000008001814                SPI5_IRQHandler
                0x0000000008001814                TIM7_IRQHandler
                0x0000000008001814                FDCAN3_IT1_IRQHandler
                0x0000000008001814                SDMMC1_IRQHandler
                0x0000000008001814                TIM5_IRQHandler
                0x0000000008001814                DMA2_Stream7_IRQHandler
                0x0000000008001814                TIM15_IRQHandler
                0x0000000008001814                PVD_AVD_IRQHandler
                0x0000000008001814                I2C3_EV_IRQHandler
                0x0000000008001814                EXTI9_5_IRQHandler
                0x0000000008001814                RTC_WKUP_IRQHandler
                0x0000000008001814                LTDC_IRQHandler
                0x0000000008001814                ETH_WKUP_IRQHandler
                0x0000000008001814                SPDIF_RX_IRQHandler
                0x0000000008001814                SPI2_IRQHandler
                0x0000000008001814                OTG_HS_EP1_IN_IRQHandler
                0x0000000008001814                TIM24_IRQHandler
                0x0000000008001814                CRS_IRQHandler
                0x0000000008001814                EXTI4_IRQHandler
                0x0000000008001814                RNG_IRQHandler
                0x0000000008001814                FDCAN2_IT1_IRQHandler
                0x0000000008001814                ETH_IRQHandler
                0x0000000008001814                TIM1_UP_IRQHandler
                0x0000000008001814                BDMA_Channel4_IRQHandler
                0x0000000008001814                OTG_HS_EP1_OUT_IRQHandler
                0x0000000008001814                WWDG_IRQHandler
                0x0000000008001814                SPI6_IRQHandler
                0x0000000008001814                MDIOS_IRQHandler
                0x0000000008001814                I2C4_EV_IRQHandler
                0x0000000008001814                FDCAN2_IT0_IRQHandler
                0x0000000008001814                LPUART1_IRQHandler
                0x0000000008001814                FDCAN1_IT0_IRQHandler
                0x0000000008001814                TIM2_IRQHandler
                0x0000000008001814                OTG_HS_IRQHandler
                0x0000000008001814                DMA2D_IRQHandler
                0x0000000008001814                TIM1_BRK_IRQHandler
                0x0000000008001814                EXTI1_IRQHandler
                0x0000000008001814                SDMMC2_IRQHandler
                0x0000000008001814                BDMA_Channel3_IRQHandler
                0x0000000008001814                DTS_IRQHandler
                0x0000000008001814                UART7_IRQHandler
                0x0000000008001814                MDIOS_WKUP_IRQHandler
                0x0000000008001814                DFSDM1_FLT0_IRQHandler
                0x0000000008001814                SAI4_IRQHandler
                0x0000000008001814                I2C2_ER_IRQHandler
                0x0000000008001814                DMA2_Stream1_IRQHandler
                0x0000000008001814                FLASH_IRQHandler
                0x0000000008001814                DMA2_Stream4_IRQHandler
                0x0000000008001814                USART1_IRQHandler
                0x0000000008001814                SPI3_IRQHandler
                0x0000000008001814                WAKEUP_PIN_IRQHandler
                0x0000000008001814                DMA1_Stream4_IRQHandler
                0x0000000008001814                I2C1_ER_IRQHandler
                0x0000000008001814                FMC_IRQHandler
                0x0000000008001814                FDCAN_CAL_IRQHandler
                0x0000000008001814                SWPMI1_IRQHandler
                0x0000000008001814                COMP1_IRQHandler
                0x0000000008001814                LPTIM1_IRQHandler
                0x0000000008001814                DCMI_PSSI_IRQHandler
                0x0000000008001814                I2C4_ER_IRQHandler
                0x0000000008001814                DMA2_Stream6_IRQHandler
                0x0000000008001814                SAI1_IRQHandler
                0x0000000008001814                DMA1_Stream3_IRQHandler
 *fill*         0x0000000008001816        0x2 
 .text.HAL_Init
                0x0000000008001818       0x78 ./Drivers/STM32H7xx_HAL_Driver/Src/stm32h7xx_hal.o
                0x0000000008001818                HAL_Init
 .text.HAL_InitTick
                0x0000000008001890       0x6c ./Drivers/STM32H7xx_HAL_Driver/Src/stm32h7xx_hal.o
                0x0000000008001890                HAL_InitTick
 .text.HAL_IncTick
                0x00000000080018fc       0x28 ./Drivers/STM32H7xx_HAL_Driver/Src/stm32h7xx_hal.o
                0x00000000080018fc                HAL_IncTick
 .text.HAL_GetTick
                0x0000000008001924       0x18 ./Drivers/STM32H7xx_HAL_Driver/Src/stm32h7xx_hal.o
                0x0000000008001924                HAL_GetTick
 .text.HAL_Delay
                0x000000000800193c       0x48 ./Drivers/STM32H7xx_HAL_Driver/Src/stm32h7xx_hal.o
                0x000000000800193c                HAL_Delay
 .text.__NVIC_SetPriorityGrouping
                0x0000000008001984       0x48 ./Drivers/STM32H7xx_HAL_Driver/Src/stm32h7xx_hal_cortex.o
 .text.__NVIC_GetPriorityGrouping
                0x00000000080019cc       0x1c ./Drivers/STM32H7xx_HAL_Driver/Src/stm32h7xx_hal_cortex.o
 .text.__NVIC_EnableIRQ
                0x00000000080019e8       0x3c ./Drivers/STM32H7xx_HAL_Driver/Src/stm32h7xx_hal_cortex.o
 .text.__NVIC_SetPriority
                0x0000000008001a24       0x54 ./Drivers/STM32H7xx_HAL_Driver/Src/stm32h7xx_hal_cortex.o
 .text.NVIC_EncodePriority
                0x0000000008001a78       0x66 ./Drivers/STM32H7xx_HAL_Driver/Src/stm32h7xx_hal_cortex.o
 *fill*         0x0000000008001ade        0x2 
 .text.SysTick_Config
                0x0000000008001ae0       0x44 ./Drivers/STM32H7xx_HAL_Driver/Src/stm32h7xx_hal_cortex.o
 .text.HAL_NVIC_SetPriorityGrouping
                0x0000000008001b24       0x16 ./Drivers/STM32H7xx_HAL_Driver/Src/stm32h7xx_hal_cortex.o
                0x0000000008001b24                HAL_NVIC_SetPriorityGrouping
 .text.HAL_NVIC_SetPriority
                0x0000000008001b3a       0x34 ./Drivers/STM32H7xx_HAL_Driver/Src/stm32h7xx_hal_cortex.o
                0x0000000008001b3a                HAL_NVIC_SetPriority
 .text.HAL_NVIC_EnableIRQ
                0x0000000008001b6e       0x1c ./Drivers/STM32H7xx_HAL_Driver/Src/stm32h7xx_hal_cortex.o
                0x0000000008001b6e                HAL_NVIC_EnableIRQ
 .text.HAL_SYSTICK_Config
                0x0000000008001b8a       0x18 ./Drivers/STM32H7xx_HAL_Driver/Src/stm32h7xx_hal_cortex.o
                0x0000000008001b8a                HAL_SYSTICK_Config
 *fill*         0x0000000008001ba2        0x2 
 .text.HAL_DMA_Init
                0x0000000008001ba4      0x6b4 ./Drivers/STM32H7xx_HAL_Driver/Src/stm32h7xx_hal_dma.o
                0x0000000008001ba4                HAL_DMA_Init
 .text.HAL_DMA_Start_IT
                0x0000000008002258      0x4d4 ./Drivers/STM32H7xx_HAL_Driver/Src/stm32h7xx_hal_dma.o
                0x0000000008002258                HAL_DMA_Start_IT
 .text.HAL_DMA_Abort
                0x000000000800272c      0x63c ./Drivers/STM32H7xx_HAL_Driver/Src/stm32h7xx_hal_dma.o
                0x000000000800272c                HAL_DMA_Abort
 .text.HAL_DMA_Abort_IT
                0x0000000008002d68      0x48c ./Drivers/STM32H7xx_HAL_Driver/Src/stm32h7xx_hal_dma.o
                0x0000000008002d68                HAL_DMA_Abort_IT
 .text.HAL_DMA_IRQHandler
                0x00000000080031f4      0xe54 ./Drivers/STM32H7xx_HAL_Driver/Src/stm32h7xx_hal_dma.o
                0x00000000080031f4                HAL_DMA_IRQHandler
 .text.DMA_SetConfig
                0x0000000008004048      0x358 ./Drivers/STM32H7xx_HAL_Driver/Src/stm32h7xx_hal_dma.o
 .text.DMA_CalcBaseAndBitshift
                0x00000000080043a0      0x164 ./Drivers/STM32H7xx_HAL_Driver/Src/stm32h7xx_hal_dma.o
 .text.DMA_CheckFifoParam
                0x0000000008004504       0xf8 ./Drivers/STM32H7xx_HAL_Driver/Src/stm32h7xx_hal_dma.o
 .text.DMA_CalcDMAMUXChannelBaseAndMask
                0x00000000080045fc      0x134 ./Drivers/STM32H7xx_HAL_Driver/Src/stm32h7xx_hal_dma.o
 .text.DMA_CalcDMAMUXRequestGenBaseAndMask
                0x0000000008004730       0xe8 ./Drivers/STM32H7xx_HAL_Driver/Src/stm32h7xx_hal_dma.o
 .text.HAL_GPIO_Init
                0x0000000008004818      0x350 ./Drivers/STM32H7xx_HAL_Driver/Src/stm32h7xx_hal_gpio.o
                0x0000000008004818                HAL_GPIO_Init
 .text.HAL_GPIO_WritePin
                0x0000000008004b68       0x32 ./Drivers/STM32H7xx_HAL_Driver/Src/stm32h7xx_hal_gpio.o
                0x0000000008004b68                HAL_GPIO_WritePin
 .text.HAL_GPIO_TogglePin
                0x0000000008004b9a       0x34 ./Drivers/STM32H7xx_HAL_Driver/Src/stm32h7xx_hal_gpio.o
                0x0000000008004b9a                HAL_GPIO_TogglePin
 *fill*         0x0000000008004bce        0x2 
 .text.HAL_PWREx_ConfigSupply
                0x0000000008004bd0       0x74 ./Drivers/STM32H7xx_HAL_Driver/Src/stm32h7xx_hal_pwr_ex.o
                0x0000000008004bd0                HAL_PWREx_ConfigSupply
 .text.HAL_RCC_OscConfig
                0x0000000008004c44      0x7b4 ./Drivers/STM32H7xx_HAL_Driver/Src/stm32h7xx_hal_rcc.o
                0x0000000008004c44                HAL_RCC_OscConfig
 .text.HAL_RCC_ClockConfig
                0x00000000080053f8      0x36c ./Drivers/STM32H7xx_HAL_Driver/Src/stm32h7xx_hal_rcc.o
                0x00000000080053f8                HAL_RCC_ClockConfig
 .text.HAL_RCC_GetSysClockFreq
                0x0000000008005764      0x2f4 ./Drivers/STM32H7xx_HAL_Driver/Src/stm32h7xx_hal_rcc.o
                0x0000000008005764                HAL_RCC_GetSysClockFreq
 .text.HAL_RCC_GetHCLKFreq
                0x0000000008005a58       0x60 ./Drivers/STM32H7xx_HAL_Driver/Src/stm32h7xx_hal_rcc.o
                0x0000000008005a58                HAL_RCC_GetHCLKFreq
 .text.HAL_RCC_GetPCLK1Freq
                0x0000000008005ab8       0x2c ./Drivers/STM32H7xx_HAL_Driver/Src/stm32h7xx_hal_rcc.o
                0x0000000008005ab8                HAL_RCC_GetPCLK1Freq
 .text.HAL_RCC_GetPCLK2Freq
                0x0000000008005ae4       0x2c ./Drivers/STM32H7xx_HAL_Driver/Src/stm32h7xx_hal_rcc.o
                0x0000000008005ae4                HAL_RCC_GetPCLK2Freq
 .text.HAL_RCCEx_PeriphCLKConfig
                0x0000000008005b10     0x1340 ./Drivers/STM32H7xx_HAL_Driver/Src/stm32h7xx_hal_rcc_ex.o
                0x0000000008005b10                HAL_RCCEx_PeriphCLKConfig
 .text.HAL_RCCEx_GetD3PCLK1Freq
                0x0000000008006e50       0x2c ./Drivers/STM32H7xx_HAL_Driver/Src/stm32h7xx_hal_rcc_ex.o
                0x0000000008006e50                HAL_RCCEx_GetD3PCLK1Freq
 .text.HAL_RCCEx_GetPLL2ClockFreq
                0x0000000008006e7c      0x2a8 ./Drivers/STM32H7xx_HAL_Driver/Src/stm32h7xx_hal_rcc_ex.o
                0x0000000008006e7c                HAL_RCCEx_GetPLL2ClockFreq
 .text.HAL_RCCEx_GetPLL3ClockFreq
                0x0000000008007124      0x2a8 ./Drivers/STM32H7xx_HAL_Driver/Src/stm32h7xx_hal_rcc_ex.o
                0x0000000008007124                HAL_RCCEx_GetPLL3ClockFreq
 .text.RCCEx_PLL2_Config
                0x00000000080073cc      0x164 ./Drivers/STM32H7xx_HAL_Driver/Src/stm32h7xx_hal_rcc_ex.o
 .text.RCCEx_PLL3_Config
                0x0000000008007530      0x164 ./Drivers/STM32H7xx_HAL_Driver/Src/stm32h7xx_hal_rcc_ex.o
 .text.HAL_TIM_PWM_Init
                0x0000000008007694       0xae ./Drivers/STM32H7xx_HAL_Driver/Src/stm32h7xx_hal_tim.o
                0x0000000008007694                HAL_TIM_PWM_Init
 *fill*         0x0000000008007742        0x2 
 .text.HAL_TIM_PWM_Start
                0x0000000008007744      0x238 ./Drivers/STM32H7xx_HAL_Driver/Src/stm32h7xx_hal_tim.o
                0x0000000008007744                HAL_TIM_PWM_Start
 .text.HAL_TIM_PWM_ConfigChannel
                0x000000000800797c      0x228 ./Drivers/STM32H7xx_HAL_Driver/Src/stm32h7xx_hal_tim.o
                0x000000000800797c                HAL_TIM_PWM_ConfigChannel
 .text.TIM_Base_SetConfig
                0x0000000008007ba4      0x14c ./Drivers/STM32H7xx_HAL_Driver/Src/stm32h7xx_hal_tim.o
                0x0000000008007ba4                TIM_Base_SetConfig
 .text.TIM_OC1_SetConfig
                0x0000000008007cf0      0x120 ./Drivers/STM32H7xx_HAL_Driver/Src/stm32h7xx_hal_tim.o
 .text.TIM_OC2_SetConfig
                0x0000000008007e10      0x114 ./Drivers/STM32H7xx_HAL_Driver/Src/stm32h7xx_hal_tim.o
                0x0000000008007e10                TIM_OC2_SetConfig
 .text.TIM_OC3_SetConfig
                0x0000000008007f24      0x110 ./Drivers/STM32H7xx_HAL_Driver/Src/stm32h7xx_hal_tim.o
 .text.TIM_OC4_SetConfig
                0x0000000008008034       0xd4 ./Drivers/STM32H7xx_HAL_Driver/Src/stm32h7xx_hal_tim.o
 .text.TIM_OC5_SetConfig
                0x0000000008008108       0xc8 ./Drivers/STM32H7xx_HAL_Driver/Src/stm32h7xx_hal_tim.o
 .text.TIM_OC6_SetConfig
                0x00000000080081d0       0xcc ./Drivers/STM32H7xx_HAL_Driver/Src/stm32h7xx_hal_tim.o
 .text.TIM_CCxChannelCmd
                0x000000000800829c       0x4a ./Drivers/STM32H7xx_HAL_Driver/Src/stm32h7xx_hal_tim.o
                0x000000000800829c                TIM_CCxChannelCmd
 *fill*         0x00000000080082e6        0x2 
 .text.HAL_TIMEx_MasterConfigSynchronization
                0x00000000080082e8      0x138 ./Drivers/STM32H7xx_HAL_Driver/Src/stm32h7xx_hal_tim_ex.o
                0x00000000080082e8                HAL_TIMEx_MasterConfigSynchronization
 .text.HAL_TIMEx_ConfigBreakDeadTime
                0x0000000008008420      0x140 ./Drivers/STM32H7xx_HAL_Driver/Src/stm32h7xx_hal_tim_ex.o
                0x0000000008008420                HAL_TIMEx_ConfigBreakDeadTime
 .text.HAL_UART_Init
                0x0000000008008560       0xa0 ./Drivers/STM32H7xx_HAL_Driver/Src/stm32h7xx_hal_uart.o
                0x0000000008008560                HAL_UART_Init
 .text.HAL_UART_Receive_DMA
                0x0000000008008600       0x98 ./Drivers/STM32H7xx_HAL_Driver/Src/stm32h7xx_hal_uart.o
                0x0000000008008600                HAL_UART_Receive_DMA
 .text.HAL_UART_IRQHandler
                0x0000000008008698      0x774 ./Drivers/STM32H7xx_HAL_Driver/Src/stm32h7xx_hal_uart.o
                0x0000000008008698                HAL_UART_IRQHandler
 .text.HAL_UART_TxCpltCallback
                0x0000000008008e0c       0x14 ./Drivers/STM32H7xx_HAL_Driver/Src/stm32h7xx_hal_uart.o
                0x0000000008008e0c                HAL_UART_TxCpltCallback
 .text.HAL_UART_RxHalfCpltCallback
                0x0000000008008e20       0x14 ./Drivers/STM32H7xx_HAL_Driver/Src/stm32h7xx_hal_uart.o
                0x0000000008008e20                HAL_UART_RxHalfCpltCallback
 .text.HAL_UART_ErrorCallback
                0x0000000008008e34       0x14 ./Drivers/STM32H7xx_HAL_Driver/Src/stm32h7xx_hal_uart.o
                0x0000000008008e34                HAL_UART_ErrorCallback
 .text.HAL_UARTEx_RxEventCallback
                0x0000000008008e48       0x18 ./Drivers/STM32H7xx_HAL_Driver/Src/stm32h7xx_hal_uart.o
                0x0000000008008e48                HAL_UARTEx_RxEventCallback
 .text.UART_SetConfig
                0x0000000008008e60      0xcd8 ./Drivers/STM32H7xx_HAL_Driver/Src/stm32h7xx_hal_uart.o
                0x0000000008008e60                UART_SetConfig
 .text.UART_AdvFeatureConfig
                0x0000000008009b38      0x144 ./Drivers/STM32H7xx_HAL_Driver/Src/stm32h7xx_hal_uart.o
                0x0000000008009b38                UART_AdvFeatureConfig
 .text.UART_CheckIdleState
                0x0000000008009c7c      0x154 ./Drivers/STM32H7xx_HAL_Driver/Src/stm32h7xx_hal_uart.o
                0x0000000008009c7c                UART_CheckIdleState
 .text.UART_WaitOnFlagUntilTimeout
                0x0000000008009dd0       0xce ./Drivers/STM32H7xx_HAL_Driver/Src/stm32h7xx_hal_uart.o
                0x0000000008009dd0                UART_WaitOnFlagUntilTimeout
 *fill*         0x0000000008009e9e        0x2 
 .text.UART_Start_Receive_DMA
                0x0000000008009ea0      0x14c ./Drivers/STM32H7xx_HAL_Driver/Src/stm32h7xx_hal_uart.o
                0x0000000008009ea0                UART_Start_Receive_DMA
 .text.UART_EndTxTransfer
                0x0000000008009fec       0x82 ./Drivers/STM32H7xx_HAL_Driver/Src/stm32h7xx_hal_uart.o
 *fill*         0x000000000800a06e        0x2 
 .text.UART_EndRxTransfer
                0x000000000800a070       0xcc ./Drivers/STM32H7xx_HAL_Driver/Src/stm32h7xx_hal_uart.o
 .text.UART_DMAReceiveCplt
                0x000000000800a13c      0x128 ./Drivers/STM32H7xx_HAL_Driver/Src/stm32h7xx_hal_uart.o
 .text.UART_DMARxHalfCplt
                0x000000000800a264       0x3e ./Drivers/STM32H7xx_HAL_Driver/Src/stm32h7xx_hal_uart.o
 .text.UART_DMAError
                0x000000000800a2a2       0x80 ./Drivers/STM32H7xx_HAL_Driver/Src/stm32h7xx_hal_uart.o
 .text.UART_DMAAbortOnError
                0x000000000800a322       0x2c ./Drivers/STM32H7xx_HAL_Driver/Src/stm32h7xx_hal_uart.o
 .text.UART_EndTransmit_IT
                0x000000000800a34e       0x56 ./Drivers/STM32H7xx_HAL_Driver/Src/stm32h7xx_hal_uart.o
 .text.HAL_UARTEx_WakeupCallback
                0x000000000800a3a4       0x14 ./Drivers/STM32H7xx_HAL_Driver/Src/stm32h7xx_hal_uart_ex.o
                0x000000000800a3a4                HAL_UARTEx_WakeupCallback
 .text.HAL_UARTEx_RxFifoFullCallback
                0x000000000800a3b8       0x14 ./Drivers/STM32H7xx_HAL_Driver/Src/stm32h7xx_hal_uart_ex.o
                0x000000000800a3b8                HAL_UARTEx_RxFifoFullCallback
 .text.HAL_UARTEx_TxFifoEmptyCallback
                0x000000000800a3cc       0x14 ./Drivers/STM32H7xx_HAL_Driver/Src/stm32h7xx_hal_uart_ex.o
                0x000000000800a3cc                HAL_UARTEx_TxFifoEmptyCallback
 .text.HAL_UARTEx_DisableFifoMode
                0x000000000800a3e0       0x72 ./Drivers/STM32H7xx_HAL_Driver/Src/stm32h7xx_hal_uart_ex.o
                0x000000000800a3e0                HAL_UARTEx_DisableFifoMode
 .text.HAL_UARTEx_SetTxFifoThreshold
                0x000000000800a452       0x7c ./Drivers/STM32H7xx_HAL_Driver/Src/stm32h7xx_hal_uart_ex.o
                0x000000000800a452                HAL_UARTEx_SetTxFifoThreshold
 .text.HAL_UARTEx_SetRxFifoThreshold
                0x000000000800a4ce       0x7c ./Drivers/STM32H7xx_HAL_Driver/Src/stm32h7xx_hal_uart_ex.o
                0x000000000800a4ce                HAL_UARTEx_SetRxFifoThreshold
 *fill*         0x000000000800a54a        0x2 
 .text.UARTEx_SetNbDataToProcess
                0x000000000800a54c       0x9c ./Drivers/STM32H7xx_HAL_Driver/Src/stm32h7xx_hal_uart_ex.o
 .text.__libc_init_array
                0x000000000800a5e8       0x48 /opt/st/stm32cubeide_1.11.2/plugins/com.st.stm32cube.ide.mcu.externaltools.gnu-tools-for-stm32.10.3-2021.10.linux64_1.0.100.202210260954/tools/bin/../lib/gcc/arm-none-eabi/10.3.1/../../../../arm-none-eabi/lib/thumb/v7e-m+dp/hard/libc_nano.a(lib_a-init.o)
                0x000000000800a5e8                __libc_init_array
 .text.memset   0x000000000800a630       0x10 /opt/st/stm32cubeide_1.11.2/plugins/com.st.stm32cube.ide.mcu.externaltools.gnu-tools-for-stm32.10.3-2021.10.linux64_1.0.100.202210260954/tools/bin/../lib/gcc/arm-none-eabi/10.3.1/../../../../arm-none-eabi/lib/thumb/v7e-m+dp/hard/libc_nano.a(lib_a-memset.o)
                0x000000000800a630                memset
 .text.floor    0x000000000800a640       0xe8 /opt/st/stm32cubeide_1.11.2/plugins/com.st.stm32cube.ide.mcu.externaltools.gnu-tools-for-stm32.10.3-2021.10.linux64_1.0.100.202210260954/tools/bin/../lib/gcc/arm-none-eabi/10.3.1/../../../../arm-none-eabi/lib/thumb/v7e-m+dp/hard/libm.a(lib_a-s_floor.o)
                0x000000000800a640                floor
 *(.glue_7)
 .glue_7        0x000000000800a728        0x0 linker stubs
 *(.glue_7t)
 .glue_7t       0x000000000800a728        0x0 linker stubs
 *(.eh_frame)
 .eh_frame      0x000000000800a728        0x0 /opt/st/stm32cubeide_1.11.2/plugins/com.st.stm32cube.ide.mcu.externaltools.gnu-tools-for-stm32.10.3-2021.10.linux64_1.0.100.202210260954/tools/bin/../lib/gcc/arm-none-eabi/10.3.1/thumb/v7e-m+dp/hard/crtbegin.o
 *(.init)
 .init          0x000000000800a728        0x4 /opt/st/stm32cubeide_1.11.2/plugins/com.st.stm32cube.ide.mcu.externaltools.gnu-tools-for-stm32.10.3-2021.10.linux64_1.0.100.202210260954/tools/bin/../lib/gcc/arm-none-eabi/10.3.1/thumb/v7e-m+dp/hard/crti.o
                0x000000000800a728                _init
 .init          0x000000000800a72c        0x8 /opt/st/stm32cubeide_1.11.2/plugins/com.st.stm32cube.ide.mcu.externaltools.gnu-tools-for-stm32.10.3-2021.10.linux64_1.0.100.202210260954/tools/bin/../lib/gcc/arm-none-eabi/10.3.1/thumb/v7e-m+dp/hard/crtn.o
 *(.fini)
 .fini          0x000000000800a734        0x4 /opt/st/stm32cubeide_1.11.2/plugins/com.st.stm32cube.ide.mcu.externaltools.gnu-tools-for-stm32.10.3-2021.10.linux64_1.0.100.202210260954/tools/bin/../lib/gcc/arm-none-eabi/10.3.1/thumb/v7e-m+dp/hard/crti.o
                0x000000000800a734                _fini
 .fini          0x000000000800a738        0x8 /opt/st/stm32cubeide_1.11.2/plugins/com.st.stm32cube.ide.mcu.externaltools.gnu-tools-for-stm32.10.3-2021.10.linux64_1.0.100.202210260954/tools/bin/../lib/gcc/arm-none-eabi/10.3.1/thumb/v7e-m+dp/hard/crtn.o
                0x000000000800a740                . = ALIGN (0x4)
                0x000000000800a740                _etext = .

.vfp11_veneer   0x000000000800a740        0x0
 .vfp11_veneer  0x000000000800a740        0x0 linker stubs

.v4_bx          0x000000000800a740        0x0
 .v4_bx         0x000000000800a740        0x0 linker stubs

.iplt           0x000000000800a740        0x0
 .iplt          0x000000000800a740        0x0 /opt/st/stm32cubeide_1.11.2/plugins/com.st.stm32cube.ide.mcu.externaltools.gnu-tools-for-stm32.10.3-2021.10.linux64_1.0.100.202210260954/tools/bin/../lib/gcc/arm-none-eabi/10.3.1/thumb/v7e-m+dp/hard/crtbegin.o

.rodata         0x000000000800a740      0x140
                0x000000000800a740                . = ALIGN (0x4)
 *(.rodata)
 *(.rodata*)
 .rodata.CrcTable
                0x000000000800a740      0x100 ./Core/Src/main.o
 .rodata.D1CorePrescTable
                0x000000000800a840       0x10 ./Core/Src/system_stm32h7xx.o
                0x000000000800a840                D1CorePrescTable
 .rodata.flagBitshiftOffset.0
                0x000000000800a850        0x8 ./Drivers/STM32H7xx_HAL_Driver/Src/stm32h7xx_hal_dma.o
 .rodata.UARTPrescTable
                0x000000000800a858       0x18 ./Drivers/STM32H7xx_HAL_Driver/Src/stm32h7xx_hal_uart.o
                0x000000000800a858                UARTPrescTable
 .rodata.numerator.1
                0x000000000800a870        0x8 ./Drivers/STM32H7xx_HAL_Driver/Src/stm32h7xx_hal_uart_ex.o
 .rodata.denominator.0
                0x000000000800a878        0x8 ./Drivers/STM32H7xx_HAL_Driver/Src/stm32h7xx_hal_uart_ex.o
                0x000000000800a880                . = ALIGN (0x4)

.ARM.extab
 *(.ARM.extab* .gnu.linkonce.armextab.*)

.ARM            0x000000000800a880        0x8
                0x000000000800a880                __exidx_start = .
 *(.ARM.exidx*)
 .ARM.exidx     0x000000000800a880        0x8 /opt/st/stm32cubeide_1.11.2/plugins/com.st.stm32cube.ide.mcu.externaltools.gnu-tools-for-stm32.10.3-2021.10.linux64_1.0.100.202210260954/tools/bin/../lib/gcc/arm-none-eabi/10.3.1/thumb/v7e-m+dp/hard/libgcc.a(_udivmoddi4.o)
                0x000000000800a888                __exidx_end = .

.rel.dyn        0x000000000800a888        0x0
 .rel.iplt      0x000000000800a888        0x0 /opt/st/stm32cubeide_1.11.2/plugins/com.st.stm32cube.ide.mcu.externaltools.gnu-tools-for-stm32.10.3-2021.10.linux64_1.0.100.202210260954/tools/bin/../lib/gcc/arm-none-eabi/10.3.1/thumb/v7e-m+dp/hard/crtbegin.o

.preinit_array  0x000000000800a888        0x0
                0x000000000800a888                PROVIDE (__preinit_array_start = .)
 *(.preinit_array*)
                0x000000000800a888                PROVIDE (__preinit_array_end = .)

.init_array     0x000000000800a888        0x4
                0x000000000800a888                PROVIDE (__init_array_start = .)
 *(SORT_BY_NAME(.init_array.*))
 *(.init_array*)
 .init_array    0x000000000800a888        0x4 /opt/st/stm32cubeide_1.11.2/plugins/com.st.stm32cube.ide.mcu.externaltools.gnu-tools-for-stm32.10.3-2021.10.linux64_1.0.100.202210260954/tools/bin/../lib/gcc/arm-none-eabi/10.3.1/thumb/v7e-m+dp/hard/crtbegin.o
                0x000000000800a88c                PROVIDE (__init_array_end = .)

.fini_array     0x000000000800a88c        0x4
                [!provide]                        PROVIDE (__fini_array_start = .)
 *(SORT_BY_NAME(.fini_array.*))
 *(.fini_array*)
 .fini_array    0x000000000800a88c        0x4 /opt/st/stm32cubeide_1.11.2/plugins/com.st.stm32cube.ide.mcu.externaltools.gnu-tools-for-stm32.10.3-2021.10.linux64_1.0.100.202210260954/tools/bin/../lib/gcc/arm-none-eabi/10.3.1/thumb/v7e-m+dp/hard/crtbegin.o
                [!provide]                        PROVIDE (__fini_array_end = .)
                0x000000000800a890                _sidata = LOADADDR (.data)

.data           0x0000000024000000       0x14 load address 0x000000000800a890
                0x0000000024000000                . = ALIGN (0x4)
                0x0000000024000000                _sdata = .
 *(.data)
 *(.data*)
 .data.steering_angle
                0x0000000024000000        0x1 ./Core/Src/main.o
                0x0000000024000000                steering_angle
 .data.speed    0x0000000024000001        0x1 ./Core/Src/main.o
                0x0000000024000001                speed
 *fill*         0x0000000024000002        0x2 
 .data.SystemCoreClock
                0x0000000024000004        0x4 ./Core/Src/system_stm32h7xx.o
                0x0000000024000004                SystemCoreClock
 .data.SystemD2Clock
                0x0000000024000008        0x4 ./Core/Src/system_stm32h7xx.o
                0x0000000024000008                SystemD2Clock
 .data.uwTickPrio
                0x000000002400000c        0x4 ./Drivers/STM32H7xx_HAL_Driver/Src/stm32h7xx_hal.o
                0x000000002400000c                uwTickPrio
 .data.uwTickFreq
                0x0000000024000010        0x1 ./Drivers/STM32H7xx_HAL_Driver/Src/stm32h7xx_hal.o
                0x0000000024000010                uwTickFreq
 *(.RamFunc)
 *(.RamFunc*)
                0x0000000024000014                . = ALIGN (0x4)
 *fill*         0x0000000024000011        0x3 
                0x0000000024000014                _edata = .

.igot.plt       0x0000000024000014        0x0 load address 0x000000000800a8a4
 .igot.plt      0x0000000024000014        0x0 /opt/st/stm32cubeide_1.11.2/plugins/com.st.stm32cube.ide.mcu.externaltools.gnu-tools-for-stm32.10.3-2021.10.linux64_1.0.100.202210260954/tools/bin/../lib/gcc/arm-none-eabi/10.3.1/thumb/v7e-m+dp/hard/crtbegin.o
                0x0000000024000014                . = ALIGN (0x4)

.bss            0x0000000024000014      0x3f8 load address 0x000000000800a8a4
                0x0000000024000014                _sbss = .
                0x0000000024000014                __bss_start__ = _sbss
 *(.bss)
 .bss           0x0000000024000014       0x1c /opt/st/stm32cubeide_1.11.2/plugins/com.st.stm32cube.ide.mcu.externaltools.gnu-tools-for-stm32.10.3-2021.10.linux64_1.0.100.202210260954/tools/bin/../lib/gcc/arm-none-eabi/10.3.1/thumb/v7e-m+dp/hard/crtbegin.o
 *(.bss*)
 .bss.htim1     0x0000000024000030       0x4c ./Core/Src/main.o
                0x0000000024000030                htim1
 .bss.htim2     0x000000002400007c       0x4c ./Core/Src/main.o
                0x000000002400007c                htim2
 .bss.huart2    0x00000000240000c8       0x94 ./Core/Src/main.o
                0x00000000240000c8                huart2
 .bss.huart3    0x000000002400015c       0x94 ./Core/Src/main.o
                0x000000002400015c                huart3
 .bss.hdma_usart2_rx
                0x00000000240001f0       0x78 ./Core/Src/main.o
                0x00000000240001f0                hdma_usart2_rx
 .bss.lidar_data
                0x0000000024000268        0x1 ./Core/Src/main.o
                0x0000000024000268                lidar_data
 *fill*         0x0000000024000269        0x3 
 .bss.data_buffer
                0x000000002400026c       0x2f ./Core/Src/main.o
                0x000000002400026c                data_buffer
 .bss.count     0x000000002400029b        0x1 ./Core/Src/main.o
                0x000000002400029b                count
 .bss.lidar_180
                0x000000002400029c      0x16a ./Core/Src/main.o
                0x000000002400029c                lidar_180
 .bss.angle_count
                0x0000000024000406        0x1 ./Core/Src/main.o
                0x0000000024000406                angle_count
 *fill*         0x0000000024000407        0x1 
 .bss.uwTick    0x0000000024000408        0x4 ./Drivers/STM32H7xx_HAL_Driver/Src/stm32h7xx_hal.o
                0x0000000024000408                uwTick
 *(COMMON)
                0x000000002400040c                . = ALIGN (0x4)
                0x000000002400040c                _ebss = .
                0x000000002400040c                __bss_end__ = _ebss

._user_heap_stack
                0x000000002400040c      0x604 load address 0x000000000800a8a4
                0x0000000024000410                . = ALIGN (0x8)
 *fill*         0x000000002400040c        0x4 
                [!provide]                        PROVIDE (end = .)
                0x0000000024000410                PROVIDE (_end = .)
                0x0000000024000610                . = (. + _Min_Heap_Size)
 *fill*         0x0000000024000410      0x200 
                0x0000000024000a10                . = (. + _Min_Stack_Size)
 *fill*         0x0000000024000610      0x400 
                0x0000000024000a10                . = ALIGN (0x8)

/DISCARD/
 libc.a(*)
 libm.a(*)
 libgcc.a(*)

.ARM.attributes
                0x0000000000000000       0x2e
 *(.ARM.attributes)
 .ARM.attributes
                0x0000000000000000       0x1e /opt/st/stm32cubeide_1.11.2/plugins/com.st.stm32cube.ide.mcu.externaltools.gnu-tools-for-stm32.10.3-2021.10.linux64_1.0.100.202210260954/tools/bin/../lib/gcc/arm-none-eabi/10.3.1/thumb/v7e-m+dp/hard/crti.o
 .ARM.attributes
                0x000000000000001e       0x32 /opt/st/stm32cubeide_1.11.2/plugins/com.st.stm32cube.ide.mcu.externaltools.gnu-tools-for-stm32.10.3-2021.10.linux64_1.0.100.202210260954/tools/bin/../lib/gcc/arm-none-eabi/10.3.1/thumb/v7e-m+dp/hard/crtbegin.o
 .ARM.attributes
                0x0000000000000050       0x32 ./Core/Src/main.o
 .ARM.attributes
                0x0000000000000082       0x32 ./Core/Src/stm32h7xx_hal_msp.o
 .ARM.attributes
                0x00000000000000b4       0x32 ./Core/Src/stm32h7xx_it.o
 .ARM.attributes
                0x00000000000000e6       0x32 ./Core/Src/system_stm32h7xx.o
 .ARM.attributes
                0x0000000000000118       0x21 ./Core/Startup/startup_stm32h723zgtx.o
 .ARM.attributes
                0x0000000000000139       0x32 ./Drivers/STM32H7xx_HAL_Driver/Src/stm32h7xx_hal.o
 .ARM.attributes
                0x000000000000016b       0x32 ./Drivers/STM32H7xx_HAL_Driver/Src/stm32h7xx_hal_cortex.o
 .ARM.attributes
                0x000000000000019d       0x32 ./Drivers/STM32H7xx_HAL_Driver/Src/stm32h7xx_hal_dma.o
 .ARM.attributes
                0x00000000000001cf       0x32 ./Drivers/STM32H7xx_HAL_Driver/Src/stm32h7xx_hal_gpio.o
 .ARM.attributes
                0x0000000000000201       0x32 ./Drivers/STM32H7xx_HAL_Driver/Src/stm32h7xx_hal_pwr_ex.o
 .ARM.attributes
                0x0000000000000233       0x32 ./Drivers/STM32H7xx_HAL_Driver/Src/stm32h7xx_hal_rcc.o
 .ARM.attributes
                0x0000000000000265       0x32 ./Drivers/STM32H7xx_HAL_Driver/Src/stm32h7xx_hal_rcc_ex.o
 .ARM.attributes
                0x0000000000000297       0x32 ./Drivers/STM32H7xx_HAL_Driver/Src/stm32h7xx_hal_tim.o
 .ARM.attributes
                0x00000000000002c9       0x32 ./Drivers/STM32H7xx_HAL_Driver/Src/stm32h7xx_hal_tim_ex.o
 .ARM.attributes
                0x00000000000002fb       0x32 ./Drivers/STM32H7xx_HAL_Driver/Src/stm32h7xx_hal_uart.o
 .ARM.attributes
                0x000000000000032d       0x32 ./Drivers/STM32H7xx_HAL_Driver/Src/stm32h7xx_hal_uart_ex.o
 .ARM.attributes
                0x000000000000035f       0x32 /opt/st/stm32cubeide_1.11.2/plugins/com.st.stm32cube.ide.mcu.externaltools.gnu-tools-for-stm32.10.3-2021.10.linux64_1.0.100.202210260954/tools/bin/../lib/gcc/arm-none-eabi/10.3.1/../../../../arm-none-eabi/lib/thumb/v7e-m+dp/hard/libc_nano.a(lib_a-init.o)
 .ARM.attributes
                0x0000000000000391       0x32 /opt/st/stm32cubeide_1.11.2/plugins/com.st.stm32cube.ide.mcu.externaltools.gnu-tools-for-stm32.10.3-2021.10.linux64_1.0.100.202210260954/tools/bin/../lib/gcc/arm-none-eabi/10.3.1/../../../../arm-none-eabi/lib/thumb/v7e-m+dp/hard/libc_nano.a(lib_a-memset.o)
 .ARM.attributes
                0x00000000000003c3       0x32 /opt/st/stm32cubeide_1.11.2/plugins/com.st.stm32cube.ide.mcu.externaltools.gnu-tools-for-stm32.10.3-2021.10.linux64_1.0.100.202210260954/tools/bin/../lib/gcc/arm-none-eabi/10.3.1/../../../../arm-none-eabi/lib/thumb/v7e-m+dp/hard/libm.a(lib_a-s_floor.o)
 .ARM.attributes
                0x00000000000003f5       0x1e /opt/st/stm32cubeide_1.11.2/plugins/com.st.stm32cube.ide.mcu.externaltools.gnu-tools-for-stm32.10.3-2021.10.linux64_1.0.100.202210260954/tools/bin/../lib/gcc/arm-none-eabi/10.3.1/thumb/v7e-m+dp/hard/libgcc.a(_aeabi_uldivmod.o)
 .ARM.attributes
                0x0000000000000413       0x32 /opt/st/stm32cubeide_1.11.2/plugins/com.st.stm32cube.ide.mcu.externaltools.gnu-tools-for-stm32.10.3-2021.10.linux64_1.0.100.202210260954/tools/bin/../lib/gcc/arm-none-eabi/10.3.1/thumb/v7e-m+dp/hard/libgcc.a(_udivmoddi4.o)
 .ARM.attributes
                0x0000000000000445       0x1e /opt/st/stm32cubeide_1.11.2/plugins/com.st.stm32cube.ide.mcu.externaltools.gnu-tools-for-stm32.10.3-2021.10.linux64_1.0.100.202210260954/tools/bin/../lib/gcc/arm-none-eabi/10.3.1/thumb/v7e-m+dp/hard/libgcc.a(_dvmd_tls.o)
 .ARM.attributes
                0x0000000000000463       0x1e /opt/st/stm32cubeide_1.11.2/plugins/com.st.stm32cube.ide.mcu.externaltools.gnu-tools-for-stm32.10.3-2021.10.linux64_1.0.100.202210260954/tools/bin/../lib/gcc/arm-none-eabi/10.3.1/thumb/v7e-m+dp/hard/crtn.o
OUTPUT(FollowGap_H723ZG.elf elf32-littlearm)
LOAD linker stubs
LOAD /opt/st/stm32cubeide_1.11.2/plugins/com.st.stm32cube.ide.mcu.externaltools.gnu-tools-for-stm32.10.3-2021.10.linux64_1.0.100.202210260954/tools/bin/../lib/gcc/arm-none-eabi/10.3.1/../../../../arm-none-eabi/lib/thumb/v7e-m+dp/hard/libc.a
LOAD /opt/st/stm32cubeide_1.11.2/plugins/com.st.stm32cube.ide.mcu.externaltools.gnu-tools-for-stm32.10.3-2021.10.linux64_1.0.100.202210260954/tools/bin/../lib/gcc/arm-none-eabi/10.3.1/../../../../arm-none-eabi/lib/thumb/v7e-m+dp/hard/libm.a
LOAD /opt/st/stm32cubeide_1.11.2/plugins/com.st.stm32cube.ide.mcu.externaltools.gnu-tools-for-stm32.10.3-2021.10.linux64_1.0.100.202210260954/tools/bin/../lib/gcc/arm-none-eabi/10.3.1/thumb/v7e-m+dp/hard/libgcc.a

.debug_info     0x0000000000000000    0x16773
 .debug_info    0x0000000000000000     0x21d4 ./Core/Src/main.o
 .debug_info    0x00000000000021d4     0x1a07 ./Core/Src/stm32h7xx_hal_msp.o
 .debug_info    0x0000000000003bdb      0x8a2 ./Core/Src/stm32h7xx_it.o
 .debug_info    0x000000000000447d      0xb45 ./Core/Src/system_stm32h7xx.o
 .debug_info    0x0000000000004fc2       0x22 ./Core/Startup/startup_stm32h723zgtx.o
 .debug_info    0x0000000000004fe4     0x1746 ./Drivers/STM32H7xx_HAL_Driver/Src/stm32h7xx_hal.o
 .debug_info    0x000000000000672a     0x1161 ./Drivers/STM32H7xx_HAL_Driver/Src/stm32h7xx_hal_cortex.o
 .debug_info    0x000000000000788b      0xc06 ./Drivers/STM32H7xx_HAL_Driver/Src/stm32h7xx_hal_dma.o
 .debug_info    0x0000000000008491      0xd37 ./Drivers/STM32H7xx_HAL_Driver/Src/stm32h7xx_hal_gpio.o
 .debug_info    0x00000000000091c8      0xe71 ./Drivers/STM32H7xx_HAL_Driver/Src/stm32h7xx_hal_pwr_ex.o
 .debug_info    0x000000000000a039      0xe4a ./Drivers/STM32H7xx_HAL_Driver/Src/stm32h7xx_hal_rcc.o
 .debug_info    0x000000000000ae83     0x12be ./Drivers/STM32H7xx_HAL_Driver/Src/stm32h7xx_hal_rcc_ex.o
 .debug_info    0x000000000000c141     0x2e05 ./Drivers/STM32H7xx_HAL_Driver/Src/stm32h7xx_hal_tim.o
 .debug_info    0x000000000000ef46     0x1a09 ./Drivers/STM32H7xx_HAL_Driver/Src/stm32h7xx_hal_tim_ex.o
 .debug_info    0x000000000001094f     0x4dca ./Drivers/STM32H7xx_HAL_Driver/Src/stm32h7xx_hal_uart.o
 .debug_info    0x0000000000015719     0x105a ./Drivers/STM32H7xx_HAL_Driver/Src/stm32h7xx_hal_uart_ex.o

.debug_abbrev   0x0000000000000000     0x24d2
 .debug_abbrev  0x0000000000000000      0x379 ./Core/Src/main.o
 .debug_abbrev  0x0000000000000379      0x283 ./Core/Src/stm32h7xx_hal_msp.o
 .debug_abbrev  0x00000000000005fc      0x166 ./Core/Src/stm32h7xx_it.o
 .debug_abbrev  0x0000000000000762      0x136 ./Core/Src/system_stm32h7xx.o
 .debug_abbrev  0x0000000000000898       0x12 ./Core/Startup/startup_stm32h723zgtx.o
 .debug_abbrev  0x00000000000008aa      0x292 ./Drivers/STM32H7xx_HAL_Driver/Src/stm32h7xx_hal.o
 .debug_abbrev  0x0000000000000b3c      0x329 ./Drivers/STM32H7xx_HAL_Driver/Src/stm32h7xx_hal_cortex.o
 .debug_abbrev  0x0000000000000e65      0x239 ./Drivers/STM32H7xx_HAL_Driver/Src/stm32h7xx_hal_dma.o
 .debug_abbrev  0x000000000000109e      0x1ec ./Drivers/STM32H7xx_HAL_Driver/Src/stm32h7xx_hal_gpio.o
 .debug_abbrev  0x000000000000128a      0x27e ./Drivers/STM32H7xx_HAL_Driver/Src/stm32h7xx_hal_pwr_ex.o
 .debug_abbrev  0x0000000000001508      0x2a7 ./Drivers/STM32H7xx_HAL_Driver/Src/stm32h7xx_hal_rcc.o
 .debug_abbrev  0x00000000000017af      0x25c ./Drivers/STM32H7xx_HAL_Driver/Src/stm32h7xx_hal_rcc_ex.o
 .debug_abbrev  0x0000000000001a0b      0x264 ./Drivers/STM32H7xx_HAL_Driver/Src/stm32h7xx_hal_tim.o
 .debug_abbrev  0x0000000000001c6f      0x281 ./Drivers/STM32H7xx_HAL_Driver/Src/stm32h7xx_hal_tim_ex.o
 .debug_abbrev  0x0000000000001ef0      0x325 ./Drivers/STM32H7xx_HAL_Driver/Src/stm32h7xx_hal_uart.o
 .debug_abbrev  0x0000000000002215      0x2bd ./Drivers/STM32H7xx_HAL_Driver/Src/stm32h7xx_hal_uart_ex.o

.debug_aranges  0x0000000000000000     0x10c8
 .debug_aranges
                0x0000000000000000       0xb0 ./Core/Src/main.o
 .debug_aranges
                0x00000000000000b0       0x48 ./Core/Src/stm32h7xx_hal_msp.o
 .debug_aranges
                0x00000000000000f8       0x70 ./Core/Src/stm32h7xx_it.o
 .debug_aranges
                0x0000000000000168       0x28 ./Core/Src/system_stm32h7xx.o
 .debug_aranges
                0x0000000000000190       0x28 ./Core/Startup/startup_stm32h723zgtx.o
 .debug_aranges
                0x00000000000001b8      0x1c8 ./Drivers/STM32H7xx_HAL_Driver/Src/stm32h7xx_hal.o
 .debug_aranges
                0x0000000000000380      0x120 ./Drivers/STM32H7xx_HAL_Driver/Src/stm32h7xx_hal_cortex.o
 .debug_aranges
                0x00000000000004a0       0xa0 ./Drivers/STM32H7xx_HAL_Driver/Src/stm32h7xx_hal_dma.o
 .debug_aranges
                0x0000000000000540       0x58 ./Drivers/STM32H7xx_HAL_Driver/Src/stm32h7xx_hal_gpio.o
 .debug_aranges
                0x0000000000000598      0x148 ./Drivers/STM32H7xx_HAL_Driver/Src/stm32h7xx_hal_pwr_ex.o
 .debug_aranges
                0x00000000000006e0       0x88 ./Drivers/STM32H7xx_HAL_Driver/Src/stm32h7xx_hal_rcc.o
 .debug_aranges
                0x0000000000000768       0xf8 ./Drivers/STM32H7xx_HAL_Driver/Src/stm32h7xx_hal_rcc_ex.o
 .debug_aranges
                0x0000000000000860      0x3e0 ./Drivers/STM32H7xx_HAL_Driver/Src/stm32h7xx_hal_tim.o
 .debug_aranges
                0x0000000000000c40      0x198 ./Drivers/STM32H7xx_HAL_Driver/Src/stm32h7xx_hal_tim_ex.o
 .debug_aranges
                0x0000000000000dd8      0x248 ./Drivers/STM32H7xx_HAL_Driver/Src/stm32h7xx_hal_uart.o
 .debug_aranges
                0x0000000000001020       0xa8 ./Drivers/STM32H7xx_HAL_Driver/Src/stm32h7xx_hal_uart_ex.o

.debug_ranges   0x0000000000000000     0x1000
 .debug_ranges  0x0000000000000000       0xa0 ./Core/Src/main.o
 .debug_ranges  0x00000000000000a0       0x38 ./Core/Src/stm32h7xx_hal_msp.o
 .debug_ranges  0x00000000000000d8       0x60 ./Core/Src/stm32h7xx_it.o
 .debug_ranges  0x0000000000000138       0x18 ./Core/Src/system_stm32h7xx.o
 .debug_ranges  0x0000000000000150       0x20 ./Core/Startup/startup_stm32h723zgtx.o
 .debug_ranges  0x0000000000000170      0x1b8 ./Drivers/STM32H7xx_HAL_Driver/Src/stm32h7xx_hal.o
 .debug_ranges  0x0000000000000328      0x110 ./Drivers/STM32H7xx_HAL_Driver/Src/stm32h7xx_hal_cortex.o
 .debug_ranges  0x0000000000000438       0x90 ./Drivers/STM32H7xx_HAL_Driver/Src/stm32h7xx_hal_dma.o
 .debug_ranges  0x00000000000004c8       0x48 ./Drivers/STM32H7xx_HAL_Driver/Src/stm32h7xx_hal_gpio.o
 .debug_ranges  0x0000000000000510      0x138 ./Drivers/STM32H7xx_HAL_Driver/Src/stm32h7xx_hal_pwr_ex.o
 .debug_ranges  0x0000000000000648       0x78 ./Drivers/STM32H7xx_HAL_Driver/Src/stm32h7xx_hal_rcc.o
 .debug_ranges  0x00000000000006c0       0xe8 ./Drivers/STM32H7xx_HAL_Driver/Src/stm32h7xx_hal_rcc_ex.o
 .debug_ranges  0x00000000000007a8      0x3d0 ./Drivers/STM32H7xx_HAL_Driver/Src/stm32h7xx_hal_tim.o
 .debug_ranges  0x0000000000000b78      0x188 ./Drivers/STM32H7xx_HAL_Driver/Src/stm32h7xx_hal_tim_ex.o
 .debug_ranges  0x0000000000000d00      0x268 ./Drivers/STM32H7xx_HAL_Driver/Src/stm32h7xx_hal_uart.o
 .debug_ranges  0x0000000000000f68       0x98 ./Drivers/STM32H7xx_HAL_Driver/Src/stm32h7xx_hal_uart_ex.o

.debug_macro    0x0000000000000000    0x32ba8
 .debug_macro   0x0000000000000000      0x3dc ./Core/Src/main.o
 .debug_macro   0x00000000000003dc      0xa90 ./Core/Src/main.o
 .debug_macro   0x0000000000000e6c      0x238 ./Core/Src/main.o
 .debug_macro   0x00000000000010a4       0x2e ./Core/Src/main.o
 .debug_macro   0x00000000000010d2       0x3b ./Core/Src/main.o
 .debug_macro   0x000000000000110d       0x22 ./Core/Src/main.o
 .debug_macro   0x000000000000112f       0x8e ./Core/Src/main.o
 .debug_macro   0x00000000000011bd       0x51 ./Core/Src/main.o
 .debug_macro   0x000000000000120e      0x103 ./Core/Src/main.o
 .debug_macro   0x0000000000001311       0x6a ./Core/Src/main.o
 .debug_macro   0x000000000000137b      0x1df ./Core/Src/main.o
 .debug_macro   0x000000000000155a       0x1c ./Core/Src/main.o
 .debug_macro   0x0000000000001576       0x22 ./Core/Src/main.o
 .debug_macro   0x0000000000001598       0xfb ./Core/Src/main.o
 .debug_macro   0x0000000000001693     0x1305 ./Core/Src/main.o
 .debug_macro   0x0000000000002998      0x11f ./Core/Src/main.o
 .debug_macro   0x0000000000002ab7       0x27 ./Core/Src/main.o
 .debug_macro   0x0000000000002ade    0x211d1 ./Core/Src/main.o
 .debug_macro   0x0000000000023caf       0x6d ./Core/Src/main.o
 .debug_macro   0x0000000000023d1c     0x3d48 ./Core/Src/main.o
 .debug_macro   0x0000000000027a64      0x174 ./Core/Src/main.o
 .debug_macro   0x0000000000027bd8       0x52 ./Core/Src/main.o
 .debug_macro   0x0000000000027c2a       0x1d ./Core/Src/main.o
 .debug_macro   0x0000000000027c47       0x3c ./Core/Src/main.o
 .debug_macro   0x0000000000027c83       0x34 ./Core/Src/main.o
 .debug_macro   0x0000000000027cb7       0x16 ./Core/Src/main.o
 .debug_macro   0x0000000000027ccd       0x43 ./Core/Src/main.o
 .debug_macro   0x0000000000027d10       0x34 ./Core/Src/main.o
 .debug_macro   0x0000000000027d44       0x10 ./Core/Src/main.o
 .debug_macro   0x0000000000027d54       0x58 ./Core/Src/main.o
 .debug_macro   0x0000000000027dac       0x71 ./Core/Src/main.o
 .debug_macro   0x0000000000027e1d       0x1c ./Core/Src/main.o
 .debug_macro   0x0000000000027e39      0x12a ./Core/Src/main.o
 .debug_macro   0x0000000000027f63      0x341 ./Core/Src/main.o
 .debug_macro   0x00000000000282a4      0x19b ./Core/Src/main.o
 .debug_macro   0x000000000002843f       0x5d ./Core/Src/main.o
 .debug_macro   0x000000000002849c     0x2462 ./Core/Src/main.o
 .debug_macro   0x000000000002a8fe     0x1079 ./Core/Src/main.o
 .debug_macro   0x000000000002b977      0x154 ./Core/Src/main.o
 .debug_macro   0x000000000002bacb      0x114 ./Core/Src/main.o
 .debug_macro   0x000000000002bbdf      0x3f8 ./Core/Src/main.o
 .debug_macro   0x000000000002bfd7       0xac ./Core/Src/main.o
 .debug_macro   0x000000000002c083      0x788 ./Core/Src/main.o
 .debug_macro   0x000000000002c80b      0x228 ./Core/Src/main.o
 .debug_macro   0x000000000002ca33       0x66 ./Core/Src/main.o
 .debug_macro   0x000000000002ca99      0x3a6 ./Core/Src/main.o
 .debug_macro   0x000000000002ce3f      0x3f9 ./Core/Src/main.o
 .debug_macro   0x000000000002d238      0x275 ./Core/Src/main.o
 .debug_macro   0x000000000002d4ad      0x3ca ./Core/Src/main.o
 .debug_macro   0x000000000002d877      0x45c ./Core/Src/main.o
 .debug_macro   0x000000000002dcd3       0x3c ./Core/Src/main.o
 .debug_macro   0x000000000002dd0f       0x4a ./Core/Src/main.o
 .debug_macro   0x000000000002dd59      0x22c ./Core/Src/main.o
 .debug_macro   0x000000000002df85       0x67 ./Core/Src/main.o
 .debug_macro   0x000000000002dfec       0xa5 ./Core/Src/main.o
 .debug_macro   0x000000000002e091      0x1c4 ./Core/Src/main.o
 .debug_macro   0x000000000002e255      0x22a ./Core/Src/main.o
 .debug_macro   0x000000000002e47f       0x35 ./Core/Src/main.o
 .debug_macro   0x000000000002e4b4      0xb1d ./Core/Src/main.o
 .debug_macro   0x000000000002efd1      0x29f ./Core/Src/main.o
 .debug_macro   0x000000000002f270      0x693 ./Core/Src/main.o
 .debug_macro   0x000000000002f903       0xa6 ./Core/Src/main.o
 .debug_macro   0x000000000002f9a9      0x5e6 ./Core/Src/main.o
 .debug_macro   0x000000000002ff8f      0x10c ./Core/Src/main.o
 .debug_macro   0x000000000003009b       0x1c ./Core/Src/main.o
 .debug_macro   0x00000000000300b7       0x35 ./Core/Src/main.o
 .debug_macro   0x00000000000300ec       0x10 ./Core/Src/main.o
 .debug_macro   0x00000000000300fc       0x10 ./Core/Src/main.o
 .debug_macro   0x000000000003010c       0x1c ./Core/Src/main.o
 .debug_macro   0x0000000000030128       0x52 ./Core/Src/main.o
 .debug_macro   0x000000000003017a       0x22 ./Core/Src/main.o
 .debug_macro   0x000000000003019c       0x10 ./Core/Src/main.o
 .debug_macro   0x00000000000301ac       0x52 ./Core/Src/main.o
 .debug_macro   0x00000000000301fe       0xd5 ./Core/Src/main.o
 .debug_macro   0x00000000000302d3       0x1c ./Core/Src/main.o
 .debug_macro   0x00000000000302ef       0x3d ./Core/Src/main.o
 .debug_macro   0x000000000003032c       0x16 ./Core/Src/main.o
 .debug_macro   0x0000000000030342      0x145 ./Core/Src/main.o
 .debug_macro   0x0000000000030487       0x16 ./Core/Src/main.o
 .debug_macro   0x000000000003049d       0x20 ./Core/Src/main.o
 .debug_macro   0x00000000000304bd       0x16 ./Core/Src/main.o
 .debug_macro   0x00000000000304d3       0x16 ./Core/Src/main.o
 .debug_macro   0x00000000000304e9       0x29 ./Core/Src/main.o
 .debug_macro   0x0000000000030512      0x2b7 ./Core/Src/stm32h7xx_hal_msp.o
 .debug_macro   0x00000000000307c9      0x2c1 ./Core/Src/stm32h7xx_it.o
 .debug_macro   0x0000000000030a8a      0x2a8 ./Core/Src/system_stm32h7xx.o
 .debug_macro   0x0000000000030d32      0x2d2 ./Drivers/STM32H7xx_HAL_Driver/Src/stm32h7xx_hal.o
 .debug_macro   0x0000000000031004      0x2a8 ./Drivers/STM32H7xx_HAL_Driver/Src/stm32h7xx_hal_cortex.o
 .debug_macro   0x00000000000312ac      0x2fc ./Drivers/STM32H7xx_HAL_Driver/Src/stm32h7xx_hal_dma.o
 .debug_macro   0x00000000000315a8      0x2af ./Drivers/STM32H7xx_HAL_Driver/Src/stm32h7xx_hal_gpio.o
 .debug_macro   0x0000000000031857      0x2e1 ./Drivers/STM32H7xx_HAL_Driver/Src/stm32h7xx_hal_pwr_ex.o
 .debug_macro   0x0000000000031b38      0x2cc ./Drivers/STM32H7xx_HAL_Driver/Src/stm32h7xx_hal_rcc.o
 .debug_macro   0x0000000000031e04      0x2c6 ./Drivers/STM32H7xx_HAL_Driver/Src/stm32h7xx_hal_rcc_ex.o
 .debug_macro   0x00000000000320ca      0x2a9 ./Drivers/STM32H7xx_HAL_Driver/Src/stm32h7xx_hal_tim.o
 .debug_macro   0x0000000000032373      0x2ae ./Drivers/STM32H7xx_HAL_Driver/Src/stm32h7xx_hal_tim_ex.o
 .debug_macro   0x0000000000032621      0x2d3 ./Drivers/STM32H7xx_HAL_Driver/Src/stm32h7xx_hal_uart.o
 .debug_macro   0x00000000000328f4      0x2b4 ./Drivers/STM32H7xx_HAL_Driver/Src/stm32h7xx_hal_uart_ex.o

.debug_line     0x0000000000000000    0x165d5
 .debug_line    0x0000000000000000     0x1098 ./Core/Src/main.o
 .debug_line    0x0000000000001098      0x9ad ./Core/Src/stm32h7xx_hal_msp.o
 .debug_line    0x0000000000001a45      0x91b ./Core/Src/stm32h7xx_it.o
 .debug_line    0x0000000000002360      0x9cd ./Core/Src/system_stm32h7xx.o
 .debug_line    0x0000000000002d2d       0x88 ./Core/Startup/startup_stm32h723zgtx.o
 .debug_line    0x0000000000002db5      0xe67 ./Drivers/STM32H7xx_HAL_Driver/Src/stm32h7xx_hal.o
 .debug_line    0x0000000000003c1c      0xddc ./Drivers/STM32H7xx_HAL_Driver/Src/stm32h7xx_hal_cortex.o
 .debug_line    0x00000000000049f8     0x2728 ./Drivers/STM32H7xx_HAL_Driver/Src/stm32h7xx_hal_dma.o
 .debug_line    0x0000000000007120      0xc85 ./Drivers/STM32H7xx_HAL_Driver/Src/stm32h7xx_hal_gpio.o
 .debug_line    0x0000000000007da5      0xe4b ./Drivers/STM32H7xx_HAL_Driver/Src/stm32h7xx_hal_pwr_ex.o
 .debug_line    0x0000000000008bf0     0x12fd ./Drivers/STM32H7xx_HAL_Driver/Src/stm32h7xx_hal_rcc.o
 .debug_line    0x0000000000009eed     0x1b93 ./Drivers/STM32H7xx_HAL_Driver/Src/stm32h7xx_hal_rcc_ex.o
 .debug_line    0x000000000000ba80     0x3f53 ./Drivers/STM32H7xx_HAL_Driver/Src/stm32h7xx_hal_tim.o
 .debug_line    0x000000000000f9d3     0x1eea ./Drivers/STM32H7xx_HAL_Driver/Src/stm32h7xx_hal_tim_ex.o
 .debug_line    0x00000000000118bd     0x3ea4 ./Drivers/STM32H7xx_HAL_Driver/Src/stm32h7xx_hal_uart.o
 .debug_line    0x0000000000015761      0xe74 ./Drivers/STM32H7xx_HAL_Driver/Src/stm32h7xx_hal_uart_ex.o

.debug_str      0x0000000000000000   0x14c305
 .debug_str     0x0000000000000000   0x147747 ./Core/Src/main.o
                                     0x147d46 (size before relaxing)
 .debug_str     0x0000000000147747      0x3d2 ./Core/Src/stm32h7xx_hal_msp.o
                                     0x1468ea (size before relaxing)
 .debug_str     0x0000000000147b19      0x11a ./Core/Src/stm32h7xx_it.o
                                     0x1457a1 (size before relaxing)
 .debug_str     0x0000000000147c33      0x2ae ./Core/Src/system_stm32h7xx.o
                                     0x145177 (size before relaxing)
 .debug_str     0x0000000000147ee1       0x36 ./Core/Startup/startup_stm32h723zgtx.o
                                         0x76 (size before relaxing)
 .debug_str     0x0000000000147f17      0x9ae ./Drivers/STM32H7xx_HAL_Driver/Src/stm32h7xx_hal.o
                                     0x146201 (size before relaxing)
 .debug_str     0x00000000001488c5      0x333 ./Drivers/STM32H7xx_HAL_Driver/Src/stm32h7xx_hal_cortex.o
                                     0x145ae3 (size before relaxing)
 .debug_str     0x0000000000148bf8      0x8af ./Drivers/STM32H7xx_HAL_Driver/Src/stm32h7xx_hal_dma.o
                                     0x14592c (size before relaxing)
 .debug_str     0x00000000001494a7       0xd9 ./Drivers/STM32H7xx_HAL_Driver/Src/stm32h7xx_hal_gpio.o
                                     0x1451c2 (size before relaxing)
 .debug_str     0x0000000000149580      0x5ee ./Drivers/STM32H7xx_HAL_Driver/Src/stm32h7xx_hal_pwr_ex.o
                                     0x1455ca (size before relaxing)
 .debug_str     0x0000000000149b6e      0x22e ./Drivers/STM32H7xx_HAL_Driver/Src/stm32h7xx_hal_rcc.o
                                     0x145545 (size before relaxing)
 .debug_str     0x0000000000149d9c      0x64b ./Drivers/STM32H7xx_HAL_Driver/Src/stm32h7xx_hal_rcc_ex.o
                                     0x145a5d (size before relaxing)
 .debug_str     0x000000000014a3e7      0xdf9 ./Drivers/STM32H7xx_HAL_Driver/Src/stm32h7xx_hal_tim.o
                                     0x146333 (size before relaxing)
 .debug_str     0x000000000014b1e0      0x50c ./Drivers/STM32H7xx_HAL_Driver/Src/stm32h7xx_hal_tim_ex.o
                                     0x145cf0 (size before relaxing)
 .debug_str     0x000000000014b6ec      0x9b3 ./Drivers/STM32H7xx_HAL_Driver/Src/stm32h7xx_hal_uart.o
                                     0x1460e5 (size before relaxing)
 .debug_str     0x000000000014c09f      0x266 ./Drivers/STM32H7xx_HAL_Driver/Src/stm32h7xx_hal_uart_ex.o
                                     0x1456a5 (size before relaxing)

.comment        0x0000000000000000       0x50
 .comment       0x0000000000000000       0x50 ./Core/Src/main.o
                                         0x51 (size before relaxing)
 .comment       0x0000000000000050       0x51 ./Core/Src/stm32h7xx_hal_msp.o
 .comment       0x0000000000000050       0x51 ./Core/Src/stm32h7xx_it.o
 .comment       0x0000000000000050       0x51 ./Core/Src/system_stm32h7xx.o
 .comment       0x0000000000000050       0x51 ./Drivers/STM32H7xx_HAL_Driver/Src/stm32h7xx_hal.o
 .comment       0x0000000000000050       0x51 ./Drivers/STM32H7xx_HAL_Driver/Src/stm32h7xx_hal_cortex.o
 .comment       0x0000000000000050       0x51 ./Drivers/STM32H7xx_HAL_Driver/Src/stm32h7xx_hal_dma.o
 .comment       0x0000000000000050       0x51 ./Drivers/STM32H7xx_HAL_Driver/Src/stm32h7xx_hal_gpio.o
 .comment       0x0000000000000050       0x51 ./Drivers/STM32H7xx_HAL_Driver/Src/stm32h7xx_hal_pwr_ex.o
 .comment       0x0000000000000050       0x51 ./Drivers/STM32H7xx_HAL_Driver/Src/stm32h7xx_hal_rcc.o
 .comment       0x0000000000000050       0x51 ./Drivers/STM32H7xx_HAL_Driver/Src/stm32h7xx_hal_rcc_ex.o
 .comment       0x0000000000000050       0x51 ./Drivers/STM32H7xx_HAL_Driver/Src/stm32h7xx_hal_tim.o
 .comment       0x0000000000000050       0x51 ./Drivers/STM32H7xx_HAL_Driver/Src/stm32h7xx_hal_tim_ex.o
 .comment       0x0000000000000050       0x51 ./Drivers/STM32H7xx_HAL_Driver/Src/stm32h7xx_hal_uart.o
 .comment       0x0000000000000050       0x51 ./Drivers/STM32H7xx_HAL_Driver/Src/stm32h7xx_hal_uart_ex.o

.debug_frame    0x0000000000000000     0x482c
 .debug_frame   0x0000000000000000      0x2cc ./Core/Src/main.o
 .debug_frame   0x00000000000002cc       0xf8 ./Core/Src/stm32h7xx_hal_msp.o
 .debug_frame   0x00000000000003c4      0x13c ./Core/Src/stm32h7xx_it.o
 .debug_frame   0x0000000000000500       0x58 ./Core/Src/system_stm32h7xx.o
 .debug_frame   0x0000000000000558      0x760 ./Drivers/STM32H7xx_HAL_Driver/Src/stm32h7xx_hal.o
 .debug_frame   0x0000000000000cb8      0x4b8 ./Drivers/STM32H7xx_HAL_Driver/Src/stm32h7xx_hal_cortex.o
 .debug_frame   0x0000000000001170      0x2b4 ./Drivers/STM32H7xx_HAL_Driver/Src/stm32h7xx_hal_dma.o
 .debug_frame   0x0000000000001424      0x14c ./Drivers/STM32H7xx_HAL_Driver/Src/stm32h7xx_hal_gpio.o
 .debug_frame   0x0000000000001570      0x540 ./Drivers/STM32H7xx_HAL_Driver/Src/stm32h7xx_hal_pwr_ex.o
 .debug_frame   0x0000000000001ab0      0x1fc ./Drivers/STM32H7xx_HAL_Driver/Src/stm32h7xx_hal_rcc.o
 .debug_frame   0x0000000000001cac      0x414 ./Drivers/STM32H7xx_HAL_Driver/Src/stm32h7xx_hal_rcc_ex.o
 .debug_frame   0x00000000000020c0     0x121c ./Drivers/STM32H7xx_HAL_Driver/Src/stm32h7xx_hal_tim.o
 .debug_frame   0x00000000000032dc      0x724 ./Drivers/STM32H7xx_HAL_Driver/Src/stm32h7xx_hal_tim_ex.o
 .debug_frame   0x0000000000003a00      0xa94 ./Drivers/STM32H7xx_HAL_Driver/Src/stm32h7xx_hal_uart.o
 .debug_frame   0x0000000000004494      0x2c0 ./Drivers/STM32H7xx_HAL_Driver/Src/stm32h7xx_hal_uart_ex.o
 .debug_frame   0x0000000000004754       0x2c /opt/st/stm32cubeide_1.11.2/plugins/com.st.stm32cube.ide.mcu.externaltools.gnu-tools-for-stm32.10.3-2021.10.linux64_1.0.100.202210260954/tools/bin/../lib/gcc/arm-none-eabi/10.3.1/../../../../arm-none-eabi/lib/thumb/v7e-m+dp/hard/libc_nano.a(lib_a-init.o)
 .debug_frame   0x0000000000004780       0x20 /opt/st/stm32cubeide_1.11.2/plugins/com.st.stm32cube.ide.mcu.externaltools.gnu-tools-for-stm32.10.3-2021.10.linux64_1.0.100.202210260954/tools/bin/../lib/gcc/arm-none-eabi/10.3.1/../../../../arm-none-eabi/lib/thumb/v7e-m+dp/hard/libc_nano.a(lib_a-memset.o)
 .debug_frame   0x00000000000047a0       0x2c /opt/st/stm32cubeide_1.11.2/plugins/com.st.stm32cube.ide.mcu.externaltools.gnu-tools-for-stm32.10.3-2021.10.linux64_1.0.100.202210260954/tools/bin/../lib/gcc/arm-none-eabi/10.3.1/../../../../arm-none-eabi/lib/thumb/v7e-m+dp/hard/libm.a(lib_a-s_floor.o)
 .debug_frame   0x00000000000047cc       0x2c /opt/st/stm32cubeide_1.11.2/plugins/com.st.stm32cube.ide.mcu.externaltools.gnu-tools-for-stm32.10.3-2021.10.linux64_1.0.100.202210260954/tools/bin/../lib/gcc/arm-none-eabi/10.3.1/thumb/v7e-m+dp/hard/libgcc.a(_aeabi_uldivmod.o)
 .debug_frame   0x00000000000047f8       0x34 /opt/st/stm32cubeide_1.11.2/plugins/com.st.stm32cube.ide.mcu.externaltools.gnu-tools-for-stm32.10.3-2021.10.linux64_1.0.100.202210260954/tools/bin/../lib/gcc/arm-none-eabi/10.3.1/thumb/v7e-m+dp/hard/libgcc.a(_udivmoddi4.o)
