../Core/Src/main.c:115:9:CalCRC8	24	static
../Core/Src/main.c:126:6:HAL_UART_RxCpltCallback	16	static
../Core/Src/main.c:141:6:MovingAverage	752	static
../Core/Src/main.c:159:6:PreProcess_lidar	24	static
../Core/Src/main.c:173:6:CreateBubble	24	static
../Core/Src/main.c:197:19:AssignValues	56	static
../Core/Src/main.c:211:6:SetArray	24	static
../Core/Src/main.c:220:6:FindBiggestGap	32	static
../Core/Src/main.c:279:6:FillArray	16	static
../Core/Src/main.c:323:5:main	56	static
../Core/Src/main.c:414:6:SystemClock_Config	120	static
../Core/Src/main.c:474:13:MX_TIM1_Init	104	static
../Core/Src/main.c:548:13:MX_TIM2_Init	48	static
../Core/Src/main.c:597:13:MX_USART2_UART_Init	8	static
../Core/Src/main.c:645:13:MX_USART3_UART_Init	8	static
../Core/Src/main.c:693:13:MX_USB_OTG_HS_USB_Init	4	static
../Core/Src/main.c:712:13:MX_DMA_Init	16	static
../Core/Src/main.c:730:13:MX_GPIO_Init	56	static
../Core/Src/main.c:841:6:Error_Handler	4	static,ignoring_inline_asm
